2026-07-09T22:17:39.011330000Z    iMac.local   base_scripts_check_coh INFO       loader.py            set_logger                483    AppConfig : Logger updated successfully [metadata: mod=microservice_toolbox.config.loader]
2026-07-09T22:17:39.017165000Z    iMac.local   base_scripts_check_coh INFO       check_coherence.py   run_coherence_check       116    🔍 RUNTIME AGENT SKILLS VS SOURCE PROMPTS COHERENCE AUDIT [metadata: mod=commands.check_coherence]
2026-07-09T22:17:39.018824000Z    iMac.local   base_scripts_check_coh INFO       check_coherence.py   run_coherence_check       153    ✅ COHERENT: oracle           <-> Prompt-Chronos-Oracle.md [metadata: mod=commands.check_coherence]
2026-07-09T22:17:39.019586000Z    iMac.local   base_scripts_check_coh INFO       check_coherence.py   run_coherence_check       153    ✅ COHERENT: orchestrator     <-> Prompt-Orchestrator.md [metadata: mod=commands.check_coherence]
2026-07-09T22:17:39.020227000Z    iMac.local   base_scripts_check_coh INFO       check_coherence.py   run_coherence_check       153    ✅ COHERENT: architect        <-> Prompt-Architect.md [metadata: mod=commands.check_coherence]
2026-07-09T22:17:39.020995000Z    iMac.local   base_scripts_check_coh INFO       check_coherence.py   run_coherence_check       153    ✅ COHERENT: developer        <-> Prompt-Lead-Developer.md [metadata: mod=commands.check_coherence]
2026-07-09T22:17:39.021747000Z    iMac.local   base_scripts_check_coh INFO       check_coherence.py   run_coherence_check       153    ✅ COHERENT: qa               <-> Prompt-QA.md [metadata: mod=commands.check_coherence]
2026-07-09T22:17:39.022439000Z    iMac.local   base_scripts_check_coh INFO       check_coherence.py   run_coherence_check       153    ✅ COHERENT: fleetarchitect   <-> Prompt-Fleet-Architect.md [metadata: mod=commands.check_coherence]
2026-07-09T22:17:39.023539000Z    iMac.local   base_scripts_check_coh INFO       check_coherence.py   run_coherence_check       153    ✅ COHERENT: docmaintainer    <-> Prompt-DocMaintainer.md [metadata: mod=commands.check_coherence]
2026-07-09T22:17:39.024330000Z    iMac.local   base_scripts_check_coh INFO       check_coherence.py   run_coherence_check       153    ✅ COHERENT: fleetcommander   <-> Prompt-FleetCommander.md [metadata: mod=commands.check_coherence]
2026-07-09T22:17:39.025131000Z    iMac.local   base_scripts_check_coh INFO       check_coherence.py   run_coherence_check       153    ✅ COHERENT: purger           <-> Mister-Straight-to-Goal.md [metadata: mod=commands.check_coherence]
2026-07-09T22:17:39.025757000Z    iMac.local   base_scripts_check_coh INFO       check_coherence.py   run_coherence_check       153    ✅ COHERENT: sentinel         <-> Prompt-Sentinel.md [metadata: mod=commands.check_coherence]
2026-07-09T22:17:39.026376000Z    iMac.local   base_scripts_check_coh INFO       check_coherence.py   run_coherence_check       153    ✅ COHERENT: docindexer       <-> Prompt-DocIndexer.md [metadata: mod=commands.check_coherence]
2026-07-09T22:17:39.027075000Z    iMac.local   base_scripts_check_coh INFO       check_coherence.py   run_coherence_check       153    ✅ COHERENT: codeindexer      <-> Prompt-CodeIndexer.md [metadata: mod=commands.check_coherence]
2026-07-09T22:17:39.027681000Z    iMac.local   base_scripts_check_coh INFO       check_coherence.py   run_coherence_check       153    ✅ COHERENT: patternsentinel  <-> Prompt-Pattern-Sentinel.md [metadata: mod=commands.check_coherence]
2026-07-09T22:17:39.028353000Z    iMac.local   base_scripts_check_coh INFO       check_coherence.py   run_coherence_check       153    ✅ COHERENT: pythonspecialist <-> Prompt-Python-Specialist.md [metadata: mod=commands.check_coherence]
2026-07-09T22:17:39.028433000Z    iMac.local   base_scripts_check_coh INFO       check_coherence.py   run_coherence_check       179    ✨ SUCCESS: ALL RUNTIME AGENT SKILLS ARE 100% COHERENT WITH VAULT PROMPTS [metadata: mod=commands.check_coherence]
2026-07-09T22:28:43.595973000Z    iMac.local   base_scripts_check_coh INFO       loader.py            set_logger                483    AppConfig : Logger updated successfully [metadata: mod=microservice_toolbox.config.loader]
2026-07-09T22:28:43.609652000Z    iMac.local   base_scripts_check_coh INFO       check_coherence.py   run_coherence_check       116    🔍 RUNTIME AGENT SKILLS VS SOURCE PROMPTS COHERENCE AUDIT [metadata: mod=src.auditing.check_coherence]
2026-07-09T22:28:43.614665000Z    iMac.local   base_scripts_check_coh INFO       check_coherence.py   run_coherence_check       153    ✅ COHERENT: oracle           <-> Prompt-Chronos-Oracle.md [metadata: mod=src.auditing.check_coherence]
2026-07-09T22:28:43.615817000Z    iMac.local   base_scripts_check_coh INFO       check_coherence.py   run_coherence_check       153    ✅ COHERENT: orchestrator     <-> Prompt-Orchestrator.md [metadata: mod=src.auditing.check_coherence]
2026-07-09T22:28:43.617609000Z    iMac.local   base_scripts_check_coh INFO       check_coherence.py   run_coherence_check       153    ✅ COHERENT: architect        <-> Prompt-Architect.md [metadata: mod=src.auditing.check_coherence]
2026-07-09T22:28:43.620128000Z    iMac.local   base_scripts_check_coh INFO       check_coherence.py   run_coherence_check       153    ✅ COHERENT: developer        <-> Prompt-Lead-Developer.md [metadata: mod=src.auditing.check_coherence]
2026-07-09T22:28:43.621553000Z    iMac.local   base_scripts_check_coh INFO       check_coherence.py   run_coherence_check       153    ✅ COHERENT: qa               <-> Prompt-QA.md [metadata: mod=src.auditing.check_coherence]
2026-07-09T22:28:43.624320000Z    iMac.local   base_scripts_check_coh INFO       check_coherence.py   run_coherence_check       153    ✅ COHERENT: fleetarchitect   <-> Prompt-Fleet-Architect.md [metadata: mod=src.auditing.check_coherence]
2026-07-09T22:28:43.625842000Z    iMac.local   base_scripts_check_coh INFO       check_coherence.py   run_coherence_check       153    ✅ COHERENT: docmaintainer    <-> Prompt-DocMaintainer.md [metadata: mod=src.auditing.check_coherence]
2026-07-09T22:28:43.626996000Z    iMac.local   base_scripts_check_coh INFO       check_coherence.py   run_coherence_check       153    ✅ COHERENT: fleetcommander   <-> Prompt-FleetCommander.md [metadata: mod=src.auditing.check_coherence]
2026-07-09T22:28:43.627904000Z    iMac.local   base_scripts_check_coh INFO       check_coherence.py   run_coherence_check       153    ✅ COHERENT: purger           <-> Mister-Straight-to-Goal.md [metadata: mod=src.auditing.check_coherence]
2026-07-09T22:28:43.629022000Z    iMac.local   base_scripts_check_coh INFO       check_coherence.py   run_coherence_check       153    ✅ COHERENT: sentinel         <-> Prompt-Sentinel.md [metadata: mod=src.auditing.check_coherence]
2026-07-09T22:28:43.630955000Z    iMac.local   base_scripts_check_coh INFO       check_coherence.py   run_coherence_check       153    ✅ COHERENT: docindexer       <-> Prompt-DocIndexer.md [metadata: mod=src.auditing.check_coherence]
2026-07-09T22:28:43.632150000Z    iMac.local   base_scripts_check_coh INFO       check_coherence.py   run_coherence_check       153    ✅ COHERENT: codeindexer      <-> Prompt-CodeIndexer.md [metadata: mod=src.auditing.check_coherence]
2026-07-09T22:28:43.635396000Z    iMac.local   base_scripts_check_coh INFO       check_coherence.py   run_coherence_check       153    ✅ COHERENT: patternsentinel  <-> Prompt-Pattern-Sentinel.md [metadata: mod=src.auditing.check_coherence]
2026-07-09T22:28:43.637269000Z    iMac.local   base_scripts_check_coh INFO       check_coherence.py   run_coherence_check       153    ✅ COHERENT: pythonspecialist <-> Prompt-Python-Specialist.md [metadata: mod=src.auditing.check_coherence]
2026-07-09T22:28:43.637780000Z    iMac.local   base_scripts_check_coh INFO       check_coherence.py   run_coherence_check       179    ✨ SUCCESS: ALL RUNTIME AGENT SKILLS ARE 100% COHERENT WITH VAULT PROMPTS [metadata: mod=src.auditing.check_coherence]
2026-07-10T13:53:22.301976000Z    iMac.local   base_scripts_check_coh INFO       loader.py            set_logger                483    AppConfig : Logger updated successfully [metadata: mod=microservice_toolbox.config.loader]
2026-07-10T13:53:22.319266000Z    iMac.local   base_scripts_check_coh INFO       check_coherence.py   run_coherence_check       116    🔍 RUNTIME AGENT SKILLS VS SOURCE PROMPTS COHERENCE AUDIT [metadata: mod=src.auditing.check_coherence]
2026-07-10T13:53:22.320744000Z    iMac.local   base_scripts_check_coh INFO       check_coherence.py   run_coherence_check       153    ✅ COHERENT: oracle           <-> Prompt-Chronos-Oracle.md [metadata: mod=src.auditing.check_coherence]
2026-07-10T13:53:22.321791000Z    iMac.local   base_scripts_check_coh INFO       check_coherence.py   run_coherence_check       153    ✅ COHERENT: orchestrator     <-> Prompt-Orchestrator.md [metadata: mod=src.auditing.check_coherence]
2026-07-10T13:53:22.322893000Z    iMac.local   base_scripts_check_coh INFO       check_coherence.py   run_coherence_check       153    ✅ COHERENT: architect        <-> Prompt-Architect.md [metadata: mod=src.auditing.check_coherence]
2026-07-10T13:53:22.323723000Z    iMac.local   base_scripts_check_coh INFO       check_coherence.py   run_coherence_check       153    ✅ COHERENT: developer        <-> Prompt-Lead-Developer.md [metadata: mod=src.auditing.check_coherence]
2026-07-10T13:53:22.324402000Z    iMac.local   base_scripts_check_coh INFO       check_coherence.py   run_coherence_check       153    ✅ COHERENT: qa               <-> Prompt-QA.md [metadata: mod=src.auditing.check_coherence]
2026-07-10T13:53:22.325307000Z    iMac.local   base_scripts_check_coh INFO       check_coherence.py   run_coherence_check       153    ✅ COHERENT: fleetarchitect   <-> Prompt-Fleet-Architect.md [metadata: mod=src.auditing.check_coherence]
2026-07-10T13:53:22.326875000Z    iMac.local   base_scripts_check_coh INFO       check_coherence.py   run_coherence_check       153    ✅ COHERENT: docmaintainer    <-> Prompt-DocMaintainer.md [metadata: mod=src.auditing.check_coherence]
2026-07-10T13:53:22.327659000Z    iMac.local   base_scripts_check_coh INFO       check_coherence.py   run_coherence_check       153    ✅ COHERENT: fleetcommander   <-> Prompt-FleetCommander.md [metadata: mod=src.auditing.check_coherence]
2026-07-10T13:53:22.328715000Z    iMac.local   base_scripts_check_coh INFO       check_coherence.py   run_coherence_check       153    ✅ COHERENT: purger           <-> Mister-Straight-to-Goal.md [metadata: mod=src.auditing.check_coherence]
2026-07-10T13:53:22.329694000Z    iMac.local   base_scripts_check_coh INFO       check_coherence.py   run_coherence_check       153    ✅ COHERENT: sentinel         <-> Prompt-Sentinel.md [metadata: mod=src.auditing.check_coherence]
2026-07-10T13:53:22.330412000Z    iMac.local   base_scripts_check_coh INFO       check_coherence.py   run_coherence_check       153    ✅ COHERENT: docindexer       <-> Prompt-DocIndexer.md [metadata: mod=src.auditing.check_coherence]
2026-07-10T13:53:22.331169000Z    iMac.local   base_scripts_check_coh INFO       check_coherence.py   run_coherence_check       153    ✅ COHERENT: codeindexer      <-> Prompt-CodeIndexer.md [metadata: mod=src.auditing.check_coherence]
2026-07-10T13:53:22.332317000Z    iMac.local   base_scripts_check_coh INFO       check_coherence.py   run_coherence_check       153    ✅ COHERENT: patternsentinel  <-> Prompt-Pattern-Sentinel.md [metadata: mod=src.auditing.check_coherence]
2026-07-10T13:53:22.333165000Z    iMac.local   base_scripts_check_coh WARNING    check_coherence.py   run_coherence_check       155    ⚠️  MISMATCH: pythonspecialist <-> Python-Integration-Specialist.md [metadata: mod=src.auditing.check_coherence]
2026-07-10T13:53:22.340182000Z    iMac.local   base_scripts_check_coh INFO       check_coherence.py   fix_mismatch              107    🔧 AUTO-FIXED: Rebuilt [skills/pythonspecialist/SKILL.md] from source. [metadata: mod=src.auditing.check_coherence]
2026-07-10T13:53:22.341218000Z    iMac.local   base_scripts_check_coh INFO       check_coherence.py   run_coherence_check       177    ✨ SUCCESS: ALL AGENTS COHERENT (AUTO-REPAIRED 1 SKILLS) [metadata: mod=src.auditing.check_coherence]
2026-07-10T13:53:24.877583000Z    iMac.local   base_scripts_check_coh INFO       loader.py            set_logger                483    AppConfig : Logger updated successfully [metadata: mod=microservice_toolbox.config.loader]
2026-07-10T13:53:24.883872000Z    iMac.local   base_scripts_check_coh INFO       check_coherence.py   run_coherence_check       116    🔍 RUNTIME AGENT SKILLS VS SOURCE PROMPTS COHERENCE AUDIT [metadata: mod=src.auditing.check_coherence]
2026-07-10T13:53:24.885179000Z    iMac.local   base_scripts_check_coh INFO       check_coherence.py   run_coherence_check       153    ✅ COHERENT: oracle           <-> Prompt-Chronos-Oracle.md [metadata: mod=src.auditing.check_coherence]
2026-07-10T13:53:24.888974000Z    iMac.local   base_scripts_check_coh INFO       check_coherence.py   run_coherence_check       153    ✅ COHERENT: orchestrator     <-> Prompt-Orchestrator.md [metadata: mod=src.auditing.check_coherence]
2026-07-10T13:53:24.889962000Z    iMac.local   base_scripts_check_coh INFO       check_coherence.py   run_coherence_check       153    ✅ COHERENT: architect        <-> Prompt-Architect.md [metadata: mod=src.auditing.check_coherence]
2026-07-10T13:53:24.892524000Z    iMac.local   base_scripts_check_coh INFO       check_coherence.py   run_coherence_check       153    ✅ COHERENT: developer        <-> Prompt-Lead-Developer.md [metadata: mod=src.auditing.check_coherence]
2026-07-10T13:53:24.893239000Z    iMac.local   base_scripts_check_coh INFO       check_coherence.py   run_coherence_check       153    ✅ COHERENT: qa               <-> Prompt-QA.md [metadata: mod=src.auditing.check_coherence]
2026-07-10T13:53:24.896766000Z    iMac.local   base_scripts_check_coh INFO       check_coherence.py   run_coherence_check       153    ✅ COHERENT: fleetarchitect   <-> Prompt-Fleet-Architect.md [metadata: mod=src.auditing.check_coherence]
2026-07-10T13:53:24.897666000Z    iMac.local   base_scripts_check_coh INFO       check_coherence.py   run_coherence_check       153    ✅ COHERENT: docmaintainer    <-> Prompt-DocMaintainer.md [metadata: mod=src.auditing.check_coherence]
2026-07-10T13:53:24.898336000Z    iMac.local   base_scripts_check_coh INFO       check_coherence.py   run_coherence_check       153    ✅ COHERENT: fleetcommander   <-> Prompt-FleetCommander.md [metadata: mod=src.auditing.check_coherence]
2026-07-10T13:53:24.899183000Z    iMac.local   base_scripts_check_coh INFO       check_coherence.py   run_coherence_check       153    ✅ COHERENT: purger           <-> Mister-Straight-to-Goal.md [metadata: mod=src.auditing.check_coherence]
2026-07-10T13:53:24.900136000Z    iMac.local   base_scripts_check_coh INFO       check_coherence.py   run_coherence_check       153    ✅ COHERENT: sentinel         <-> Prompt-Sentinel.md [metadata: mod=src.auditing.check_coherence]
2026-07-10T13:53:24.900840000Z    iMac.local   base_scripts_check_coh INFO       check_coherence.py   run_coherence_check       153    ✅ COHERENT: docindexer       <-> Prompt-DocIndexer.md [metadata: mod=src.auditing.check_coherence]
2026-07-10T13:53:24.901445000Z    iMac.local   base_scripts_check_coh INFO       check_coherence.py   run_coherence_check       153    ✅ COHERENT: codeindexer      <-> Prompt-CodeIndexer.md [metadata: mod=src.auditing.check_coherence]
2026-07-10T13:53:24.902085000Z    iMac.local   base_scripts_check_coh INFO       check_coherence.py   run_coherence_check       153    ✅ COHERENT: patternsentinel  <-> Prompt-Pattern-Sentinel.md [metadata: mod=src.auditing.check_coherence]
2026-07-10T13:53:24.902910000Z    iMac.local   base_scripts_check_coh INFO       check_coherence.py   run_coherence_check       153    ✅ COHERENT: pythonspecialist <-> Python-Integration-Specialist.md [metadata: mod=src.auditing.check_coherence]
2026-07-10T13:53:24.903108000Z    iMac.local   base_scripts_check_coh INFO       check_coherence.py   run_coherence_check       179    ✨ SUCCESS: ALL RUNTIME AGENT SKILLS ARE 100% COHERENT WITH VAULT PROMPTS [metadata: mod=src.auditing.check_coherence]
2026-07-14T15:52:59.197115000Z    iMac.local   base_scripts_check_coh INFO       loader.py            set_logger                483    AppConfig : Logger updated successfully [metadata: mod=microservice_toolbox.config.loader]
2026-07-14T15:52:59.239160000Z    iMac.local   base_scripts_check_coh INFO       pg_pool.py           get_pg_pool               68     SharedPool : Connecting to 127.0.0.1:5432 (database=obsidiandb) [metadata: mod=lib.pg_pool]
2026-07-14T15:52:59.516552000Z    iMac.local   base_scripts_check_coh INFO       memory.py            _init_db                  109    PostgresMemoryStore : Initialised database schema '08-Base-Scripts' [metadata: mod=lib.memory]
2026-07-14T15:52:59.532194000Z    iMac.local   base_scripts_check_coh INFO       check_coherence.py   run_coherence_check       116    🔍 RUNTIME AGENT SKILLS VS SOURCE PROMPTS COHERENCE AUDIT [metadata: mod=src.auditing.check_coherence]
2026-07-14T15:52:59.534533000Z    iMac.local   base_scripts_check_coh INFO       check_coherence.py   run_coherence_check       153    ✅ COHERENT: oracle           <-> Prompt-Chronos-Oracle.md [metadata: mod=src.auditing.check_coherence]
2026-07-14T15:52:59.535806000Z    iMac.local   base_scripts_check_coh INFO       check_coherence.py   run_coherence_check       153    ✅ COHERENT: orchestrator     <-> Prompt-Orchestrator.md [metadata: mod=src.auditing.check_coherence]
2026-07-14T15:52:59.537155000Z    iMac.local   base_scripts_check_coh INFO       check_coherence.py   run_coherence_check       153    ✅ COHERENT: architect        <-> Prompt-Architect.md [metadata: mod=src.auditing.check_coherence]
2026-07-14T15:52:59.537927000Z    iMac.local   base_scripts_check_coh INFO       check_coherence.py   run_coherence_check       153    ✅ COHERENT: developer        <-> Prompt-Lead-Developer.md [metadata: mod=src.auditing.check_coherence]
2026-07-14T15:52:59.538952000Z    iMac.local   base_scripts_check_coh INFO       check_coherence.py   run_coherence_check       153    ✅ COHERENT: qa               <-> Prompt-QA.md [metadata: mod=src.auditing.check_coherence]
2026-07-14T15:52:59.540211000Z    iMac.local   base_scripts_check_coh INFO       check_coherence.py   run_coherence_check       153    ✅ COHERENT: fleetarchitect   <-> Prompt-Fleet-Architect.md [metadata: mod=src.auditing.check_coherence]
2026-07-14T15:52:59.541480000Z    iMac.local   base_scripts_check_coh INFO       check_coherence.py   run_coherence_check       153    ✅ COHERENT: docmaintainer    <-> Prompt-DocMaintainer.md [metadata: mod=src.auditing.check_coherence]
2026-07-14T15:52:59.543718000Z    iMac.local   base_scripts_check_coh INFO       check_coherence.py   run_coherence_check       153    ✅ COHERENT: fleetcommander   <-> Prompt-FleetCommander.md [metadata: mod=src.auditing.check_coherence]
2026-07-14T15:52:59.544782000Z    iMac.local   base_scripts_check_coh INFO       check_coherence.py   run_coherence_check       153    ✅ COHERENT: purger           <-> Mister-Straight-to-Goal.md [metadata: mod=src.auditing.check_coherence]
2026-07-14T15:52:59.545990000Z    iMac.local   base_scripts_check_coh INFO       check_coherence.py   run_coherence_check       153    ✅ COHERENT: sentinel         <-> Prompt-Sentinel.md [metadata: mod=src.auditing.check_coherence]
2026-07-14T15:52:59.547001000Z    iMac.local   base_scripts_check_coh INFO       check_coherence.py   run_coherence_check       153    ✅ COHERENT: docindexer       <-> Prompt-DocIndexer.md [metadata: mod=src.auditing.check_coherence]
2026-07-14T15:52:59.548511000Z    iMac.local   base_scripts_check_coh INFO       check_coherence.py   run_coherence_check       153    ✅ COHERENT: codeindexer      <-> Prompt-CodeIndexer.md [metadata: mod=src.auditing.check_coherence]
2026-07-14T15:52:59.549591000Z    iMac.local   base_scripts_check_coh INFO       check_coherence.py   run_coherence_check       153    ✅ COHERENT: patternsentinel  <-> Prompt-Pattern-Sentinel.md [metadata: mod=src.auditing.check_coherence]
2026-07-14T15:52:59.550016000Z    iMac.local   base_scripts_check_coh WARNING    check_coherence.py   run_coherence_check       126    ❌ Missing Skill: [skills/pythonspecialist/SKILL.md] [metadata: mod=src.auditing.check_coherence]
2026-07-14T15:52:59.550216000Z    iMac.local   base_scripts_check_coh WARNING    check_coherence.py   run_coherence_check       182    ⚠️  WARNING: DETECTED 1 DRIFTED OR MISALIGNED AGENTS [metadata: mod=src.auditing.check_coherence]
2026-07-14T15:53:18.458145000Z    iMac.local   base_scripts_check_coh INFO       loader.py            set_logger                483    AppConfig : Logger updated successfully [metadata: mod=microservice_toolbox.config.loader]
2026-07-14T15:53:18.461421000Z    iMac.local   base_scripts_check_coh INFO       loader.py            set_logger                483    AppConfig : Logger updated successfully [metadata: mod=microservice_toolbox.config.loader]
2026-07-14T15:53:18.500944000Z    iMac.local   base_scripts_check_coh INFO       pg_pool.py           get_pg_pool               68     SharedPool : Connecting to 127.0.0.1:5432 (database=obsidiandb) [metadata: mod=lib.pg_pool]
2026-07-14T15:53:18.503251000Z    iMac.local   base_scripts_check_coh INFO       pg_pool.py           get_pg_pool               68     SharedPool : Connecting to 127.0.0.1:5432 (database=obsidiandb) [metadata: mod=lib.pg_pool]
2026-07-14T15:53:18.793246000Z    iMac.local   base_scripts_check_coh INFO       memory.py            _init_db                  109    PostgresMemoryStore : Initialised database schema '08-Base-Scripts' [metadata: mod=lib.memory]
2026-07-14T15:53:18.791963000Z    iMac.local   base_scripts_check_coh INFO       memory.py            _init_db                  109    PostgresMemoryStore : Initialised database schema '08-Base-Scripts' [metadata: mod=lib.memory]
2026-07-14T15:53:18.802599000Z    iMac.local   base_scripts_check_coh INFO       check_coherence.py   run_coherence_check       116    🔍 RUNTIME AGENT SKILLS VS SOURCE PROMPTS COHERENCE AUDIT [metadata: mod=src.auditing.check_coherence]
2026-07-14T15:53:18.804017000Z    iMac.local   base_scripts_check_coh INFO       check_coherence.py   run_coherence_check       116    🔍 RUNTIME AGENT SKILLS VS SOURCE PROMPTS COHERENCE AUDIT [metadata: mod=src.auditing.check_coherence]
2026-07-14T15:53:18.810312000Z    iMac.local   base_scripts_check_coh INFO       check_coherence.py   run_coherence_check       153    ✅ COHERENT: oracle           <-> Prompt-Chronos-Oracle.md [metadata: mod=src.auditing.check_coherence]
2026-07-14T15:53:18.815184000Z    iMac.local   base_scripts_check_coh INFO       check_coherence.py   run_coherence_check       153    ✅ COHERENT: orchestrator     <-> Prompt-Orchestrator.md [metadata: mod=src.auditing.check_coherence]
2026-07-14T15:53:18.810614000Z    iMac.local   base_scripts_check_coh INFO       check_coherence.py   run_coherence_check       153    ✅ COHERENT: oracle           <-> Prompt-Chronos-Oracle.md [metadata: mod=src.auditing.check_coherence]
2026-07-14T15:53:18.817245000Z    iMac.local   base_scripts_check_coh INFO       check_coherence.py   run_coherence_check       153    ✅ COHERENT: architect        <-> Prompt-Architect.md [metadata: mod=src.auditing.check_coherence]
2026-07-14T15:53:18.818183000Z    iMac.local   base_scripts_check_coh INFO       check_coherence.py   run_coherence_check       153    ✅ COHERENT: developer        <-> Prompt-Lead-Developer.md [metadata: mod=src.auditing.check_coherence]
2026-07-14T15:53:18.819242000Z    iMac.local   base_scripts_check_coh INFO       check_coherence.py   run_coherence_check       153    ✅ COHERENT: orchestrator     <-> Prompt-Orchestrator.md [metadata: mod=src.auditing.check_coherence]
2026-07-14T15:53:18.820383000Z    iMac.local   base_scripts_check_coh INFO       check_coherence.py   run_coherence_check       153    ✅ COHERENT: qa               <-> Prompt-QA.md [metadata: mod=src.auditing.check_coherence]
2026-07-14T15:53:18.820711000Z    iMac.local   base_scripts_check_coh INFO       check_coherence.py   run_coherence_check       153    ✅ COHERENT: architect        <-> Prompt-Architect.md [metadata: mod=src.auditing.check_coherence]
2026-07-14T15:53:18.821442000Z    iMac.local   base_scripts_check_coh INFO       check_coherence.py   run_coherence_check       153    ✅ COHERENT: developer        <-> Prompt-Lead-Developer.md [metadata: mod=src.auditing.check_coherence]
2026-07-14T15:53:18.821689000Z    iMac.local   base_scripts_check_coh INFO       check_coherence.py   run_coherence_check       153    ✅ COHERENT: fleetarchitect   <-> Prompt-Fleet-Architect.md [metadata: mod=src.auditing.check_coherence]
2026-07-14T15:53:18.822747000Z    iMac.local   base_scripts_check_coh INFO       check_coherence.py   run_coherence_check       153    ✅ COHERENT: qa               <-> Prompt-QA.md [metadata: mod=src.auditing.check_coherence]
2026-07-14T15:53:18.823915000Z    iMac.local   base_scripts_check_coh INFO       check_coherence.py   run_coherence_check       153    ✅ COHERENT: fleetarchitect   <-> Prompt-Fleet-Architect.md [metadata: mod=src.auditing.check_coherence]
2026-07-14T15:53:18.827162000Z    iMac.local   base_scripts_check_coh INFO       check_coherence.py   run_coherence_check       153    ✅ COHERENT: docmaintainer    <-> Prompt-DocMaintainer.md [metadata: mod=src.auditing.check_coherence]
2026-07-14T15:53:18.828626000Z    iMac.local   base_scripts_check_coh INFO       check_coherence.py   run_coherence_check       153    ✅ COHERENT: fleetcommander   <-> Prompt-FleetCommander.md [metadata: mod=src.auditing.check_coherence]
2026-07-14T15:53:18.829988000Z    iMac.local   base_scripts_check_coh INFO       check_coherence.py   run_coherence_check       153    ✅ COHERENT: purger           <-> Mister-Straight-to-Goal.md [metadata: mod=src.auditing.check_coherence]
2026-07-14T15:53:18.832253000Z    iMac.local   base_scripts_check_coh INFO       check_coherence.py   run_coherence_check       153    ✅ COHERENT: docmaintainer    <-> Prompt-DocMaintainer.md [metadata: mod=src.auditing.check_coherence]
2026-07-14T15:53:18.831913000Z    iMac.local   base_scripts_check_coh INFO       check_coherence.py   run_coherence_check       153    ✅ COHERENT: sentinel         <-> Prompt-Sentinel.md [metadata: mod=src.auditing.check_coherence]
2026-07-14T15:53:18.832878000Z    iMac.local   base_scripts_check_coh INFO       check_coherence.py   run_coherence_check       153    ✅ COHERENT: docindexer       <-> Prompt-DocIndexer.md [metadata: mod=src.auditing.check_coherence]
2026-07-14T15:53:18.833398000Z    iMac.local   base_scripts_check_coh INFO       check_coherence.py   run_coherence_check       153    ✅ COHERENT: codeindexer      <-> Prompt-CodeIndexer.md [metadata: mod=src.auditing.check_coherence]
2026-07-14T15:53:18.833468000Z    iMac.local   base_scripts_check_coh INFO       check_coherence.py   run_coherence_check       153    ✅ COHERENT: fleetcommander   <-> Prompt-FleetCommander.md [metadata: mod=src.auditing.check_coherence]
2026-07-14T15:53:18.833911000Z    iMac.local   base_scripts_check_coh INFO       check_coherence.py   run_coherence_check       153    ✅ COHERENT: patternsentinel  <-> Prompt-Pattern-Sentinel.md [metadata: mod=src.auditing.check_coherence]
2026-07-14T15:53:18.833957000Z    iMac.local   base_scripts_check_coh INFO       check_coherence.py   run_coherence_check       153    ✅ COHERENT: purger           <-> Mister-Straight-to-Goal.md [metadata: mod=src.auditing.check_coherence]
2026-07-14T15:53:18.834030000Z    iMac.local   base_scripts_check_coh WARNING    check_coherence.py   run_coherence_check       126    ❌ Missing Skill: [skills/pythonspecialist/SKILL.md] [metadata: mod=src.auditing.check_coherence]
2026-07-14T15:53:18.834074000Z    iMac.local   base_scripts_check_coh WARNING    check_coherence.py   run_coherence_check       182    ⚠️  WARNING: DETECTED 1 DRIFTED OR MISALIGNED AGENTS [metadata: mod=src.auditing.check_coherence]
2026-07-14T15:53:18.834817000Z    iMac.local   base_scripts_check_coh INFO       check_coherence.py   run_coherence_check       153    ✅ COHERENT: sentinel         <-> Prompt-Sentinel.md [metadata: mod=src.auditing.check_coherence]
2026-07-14T15:53:18.835363000Z    iMac.local   base_scripts_check_coh INFO       check_coherence.py   run_coherence_check       153    ✅ COHERENT: docindexer       <-> Prompt-DocIndexer.md [metadata: mod=src.auditing.check_coherence]
2026-07-14T15:53:18.836131000Z    iMac.local   base_scripts_check_coh INFO       check_coherence.py   run_coherence_check       153    ✅ COHERENT: codeindexer      <-> Prompt-CodeIndexer.md [metadata: mod=src.auditing.check_coherence]
2026-07-14T15:53:18.839206000Z    iMac.local   base_scripts_check_coh INFO       check_coherence.py   run_coherence_check       153    ✅ COHERENT: patternsentinel  <-> Prompt-Pattern-Sentinel.md [metadata: mod=src.auditing.check_coherence]
2026-07-14T15:53:18.839392000Z    iMac.local   base_scripts_check_coh WARNING    check_coherence.py   run_coherence_check       126    ❌ Missing Skill: [skills/pythonspecialist/SKILL.md] [metadata: mod=src.auditing.check_coherence]
2026-07-14T15:53:18.839443000Z    iMac.local   base_scripts_check_coh WARNING    check_coherence.py   run_coherence_check       182    ⚠️  WARNING: DETECTED 1 DRIFTED OR MISALIGNED AGENTS [metadata: mod=src.auditing.check_coherence]
2026-07-14T15:53:35.132190000Z    iMac.local   base_scripts_check_coh INFO       loader.py            set_logger                483    AppConfig : Logger updated successfully [metadata: mod=microservice_toolbox.config.loader]
2026-07-14T15:53:35.166446000Z    iMac.local   base_scripts_check_coh INFO       pg_pool.py           get_pg_pool               68     SharedPool : Connecting to 127.0.0.1:5432 (database=obsidiandb) [metadata: mod=lib.pg_pool]
2026-07-14T15:53:35.517975000Z    iMac.local   base_scripts_check_coh INFO       memory.py            _init_db                  109    PostgresMemoryStore : Initialised database schema '08-Base-Scripts' [metadata: mod=lib.memory]
2026-07-14T15:53:35.526486000Z    iMac.local   base_scripts_check_coh INFO       check_coherence.py   run_coherence_check       116    🔍 RUNTIME AGENT SKILLS VS SOURCE PROMPTS COHERENCE AUDIT [metadata: mod=src.auditing.check_coherence]
2026-07-14T15:53:35.527438000Z    iMac.local   base_scripts_check_coh INFO       check_coherence.py   run_coherence_check       153    ✅ COHERENT: oracle           <-> Prompt-Chronos-Oracle.md [metadata: mod=src.auditing.check_coherence]
2026-07-14T15:53:35.528239000Z    iMac.local   base_scripts_check_coh INFO       check_coherence.py   run_coherence_check       153    ✅ COHERENT: orchestrator     <-> Prompt-Orchestrator.md [metadata: mod=src.auditing.check_coherence]
2026-07-14T15:53:35.528948000Z    iMac.local   base_scripts_check_coh INFO       check_coherence.py   run_coherence_check       153    ✅ COHERENT: architect        <-> Prompt-Architect.md [metadata: mod=src.auditing.check_coherence]
2026-07-14T15:53:35.529476000Z    iMac.local   base_scripts_check_coh INFO       check_coherence.py   run_coherence_check       153    ✅ COHERENT: developer        <-> Prompt-Lead-Developer.md [metadata: mod=src.auditing.check_coherence]
2026-07-14T15:53:35.529997000Z    iMac.local   base_scripts_check_coh INFO       check_coherence.py   run_coherence_check       153    ✅ COHERENT: qa               <-> Prompt-QA.md [metadata: mod=src.auditing.check_coherence]
2026-07-14T15:53:35.530625000Z    iMac.local   base_scripts_check_coh INFO       check_coherence.py   run_coherence_check       153    ✅ COHERENT: fleetarchitect   <-> Prompt-Fleet-Architect.md [metadata: mod=src.auditing.check_coherence]
2026-07-14T15:53:35.531253000Z    iMac.local   base_scripts_check_coh INFO       check_coherence.py   run_coherence_check       153    ✅ COHERENT: docmaintainer    <-> Prompt-DocMaintainer.md [metadata: mod=src.auditing.check_coherence]
2026-07-14T15:53:35.531885000Z    iMac.local   base_scripts_check_coh INFO       check_coherence.py   run_coherence_check       153    ✅ COHERENT: fleetcommander   <-> Prompt-FleetCommander.md [metadata: mod=src.auditing.check_coherence]
2026-07-14T15:53:35.532547000Z    iMac.local   base_scripts_check_coh INFO       check_coherence.py   run_coherence_check       153    ✅ COHERENT: purger           <-> Mister-Straight-to-Goal.md [metadata: mod=src.auditing.check_coherence]
2026-07-14T15:53:35.533748000Z    iMac.local   base_scripts_check_coh INFO       check_coherence.py   run_coherence_check       153    ✅ COHERENT: sentinel         <-> Prompt-Sentinel.md [metadata: mod=src.auditing.check_coherence]
2026-07-14T15:53:35.534702000Z    iMac.local   base_scripts_check_coh INFO       check_coherence.py   run_coherence_check       153    ✅ COHERENT: docindexer       <-> Prompt-DocIndexer.md [metadata: mod=src.auditing.check_coherence]
2026-07-14T15:53:35.535473000Z    iMac.local   base_scripts_check_coh INFO       check_coherence.py   run_coherence_check       153    ✅ COHERENT: codeindexer      <-> Prompt-CodeIndexer.md [metadata: mod=src.auditing.check_coherence]
2026-07-14T15:53:35.536096000Z    iMac.local   base_scripts_check_coh INFO       check_coherence.py   run_coherence_check       153    ✅ COHERENT: patternsentinel  <-> Prompt-Pattern-Sentinel.md [metadata: mod=src.auditing.check_coherence]
2026-07-14T15:53:35.536241000Z    iMac.local   base_scripts_check_coh WARNING    check_coherence.py   run_coherence_check       126    ❌ Missing Skill: [skills/pythonspecialist/SKILL.md] [metadata: mod=src.auditing.check_coherence]
2026-07-14T15:53:35.536296000Z    iMac.local   base_scripts_check_coh WARNING    check_coherence.py   run_coherence_check       182    ⚠️  WARNING: DETECTED 1 DRIFTED OR MISALIGNED AGENTS [metadata: mod=src.auditing.check_coherence]
2026-07-17T17:03:00.194476000Z    iMac.local   base_scripts_check_coh INFO       loader.py            set_logger                483    AppConfig : Logger updated successfully [metadata: mod=microservice_toolbox.config.loader]
2026-07-17T17:03:00.225822000Z    iMac.local   base_scripts_check_coh INFO       pg_pool.py           get_pg_pool               68     SharedPool : Connecting to 127.0.0.1:5432 (database=obsidiandb) [metadata: mod=lib.pg_pool]
2026-07-17T17:03:00.428704000Z    iMac.local   base_scripts_check_coh INFO       memory.py            _init_db                  109    PostgresMemoryStore : Initialised database schema '08-Base-Scripts' [metadata: mod=lib.memory]
2026-07-17T17:03:00.437189000Z    iMac.local   base_scripts_check_coh INFO       check_coherence.py   run_coherence_check       116    🔍 RUNTIME AGENT SKILLS VS SOURCE PROMPTS COHERENCE AUDIT [metadata: mod=src.auditing.check_coherence]
2026-07-17T17:03:00.438395000Z    iMac.local   base_scripts_check_coh INFO       check_coherence.py   run_coherence_check       153    ✅ COHERENT: oracle           <-> Prompt-Chronos-Oracle.md [metadata: mod=src.auditing.check_coherence]
2026-07-17T17:03:00.440160000Z    iMac.local   base_scripts_check_coh INFO       check_coherence.py   run_coherence_check       153    ✅ COHERENT: orchestrator     <-> Prompt-Orchestrator.md [metadata: mod=src.auditing.check_coherence]
2026-07-17T17:03:00.443365000Z    iMac.local   base_scripts_check_coh INFO       check_coherence.py   run_coherence_check       153    ✅ COHERENT: architect        <-> Prompt-Architect.md [metadata: mod=src.auditing.check_coherence]
2026-07-17T17:03:00.446582000Z    iMac.local   base_scripts_check_coh INFO       check_coherence.py   run_coherence_check       153    ✅ COHERENT: developer        <-> Prompt-Lead-Developer.md [metadata: mod=src.auditing.check_coherence]
2026-07-17T17:03:00.449078000Z    iMac.local   base_scripts_check_coh INFO       check_coherence.py   run_coherence_check       153    ✅ COHERENT: qa               <-> Prompt-QA.md [metadata: mod=src.auditing.check_coherence]
2026-07-17T17:03:00.451432000Z    iMac.local   base_scripts_check_coh INFO       check_coherence.py   run_coherence_check       153    ✅ COHERENT: fleetarchitect   <-> Prompt-Fleet-Architect.md [metadata: mod=src.auditing.check_coherence]
2026-07-17T17:03:00.452515000Z    iMac.local   base_scripts_check_coh INFO       check_coherence.py   run_coherence_check       153    ✅ COHERENT: docmaintainer    <-> Prompt-DocMaintainer.md [metadata: mod=src.auditing.check_coherence]
2026-07-17T17:03:00.454216000Z    iMac.local   base_scripts_check_coh INFO       check_coherence.py   run_coherence_check       153    ✅ COHERENT: fleetcommander   <-> Prompt-FleetCommander.md [metadata: mod=src.auditing.check_coherence]
2026-07-17T17:03:00.455669000Z    iMac.local   base_scripts_check_coh INFO       check_coherence.py   run_coherence_check       153    ✅ COHERENT: purger           <-> Mister-Straight-to-Goal.md [metadata: mod=src.auditing.check_coherence]
2026-07-17T17:03:00.457312000Z    iMac.local   base_scripts_check_coh INFO       check_coherence.py   run_coherence_check       153    ✅ COHERENT: sentinel         <-> Prompt-Sentinel.md [metadata: mod=src.auditing.check_coherence]
2026-07-17T17:03:00.458485000Z    iMac.local   base_scripts_check_coh INFO       check_coherence.py   run_coherence_check       153    ✅ COHERENT: docindexer       <-> Prompt-DocIndexer.md [metadata: mod=src.auditing.check_coherence]
2026-07-17T17:03:00.459603000Z    iMac.local   base_scripts_check_coh INFO       check_coherence.py   run_coherence_check       153    ✅ COHERENT: codeindexer      <-> Prompt-CodeIndexer.md [metadata: mod=src.auditing.check_coherence]
2026-07-17T17:03:00.461052000Z    iMac.local   base_scripts_check_coh INFO       check_coherence.py   run_coherence_check       153    ✅ COHERENT: patternsentinel  <-> Prompt-Pattern-Sentinel.md [metadata: mod=src.auditing.check_coherence]
2026-07-17T17:03:00.461289000Z    iMac.local   base_scripts_check_coh WARNING    check_coherence.py   run_coherence_check       126    ❌ Missing Skill: [skills/pythonspecialist/SKILL.md] [metadata: mod=src.auditing.check_coherence]
2026-07-17T17:03:00.461339000Z    iMac.local   base_scripts_check_coh WARNING    check_coherence.py   run_coherence_check       182    ⚠️  WARNING: DETECTED 1 DRIFTED OR MISALIGNED AGENTS [metadata: mod=src.auditing.check_coherence]
2026-07-22T11:00:49.912779000Z    iMac.local   base_scripts_check_coh INFO       loader.py            set_logger                483    AppConfig : Logger updated successfully [metadata: mod=microservice_toolbox.config.loader]
2026-07-22T11:00:49.973732000Z    iMac.local   base_scripts_check_coh INFO       pg_pool.py           get_pg_pool               68     SharedPool : Connecting to 127.0.0.1:5432 (database=obsidiandb) [metadata: mod=lib.pg_pool]
2026-07-22T11:00:50.206837000Z    iMac.local   base_scripts_check_coh INFO       memory.py            _init_db                  109    PostgresMemoryStore : Initialised database schema '08-Base-Scripts' [metadata: mod=lib.memory]
2026-07-22T11:00:50.222041000Z    iMac.local   base_scripts_check_coh INFO       check_coherence.py   run_coherence_check       116    🔍 RUNTIME AGENT SKILLS VS SOURCE PROMPTS COHERENCE AUDIT [metadata: mod=src.auditing.check_coherence]
2026-07-22T11:00:50.224604000Z    iMac.local   base_scripts_check_coh INFO       check_coherence.py   run_coherence_check       153    ✅ COHERENT: oracle           <-> Prompt-Chronos-Oracle.md [metadata: mod=src.auditing.check_coherence]
2026-07-22T11:00:50.227543000Z    iMac.local   base_scripts_check_coh INFO       check_coherence.py   run_coherence_check       153    ✅ COHERENT: orchestrator     <-> Prompt-Orchestrator.md [metadata: mod=src.auditing.check_coherence]
2026-07-22T11:00:50.230338000Z    iMac.local   base_scripts_check_coh INFO       check_coherence.py   run_coherence_check       153    ✅ COHERENT: architect        <-> Prompt-Architect.md [metadata: mod=src.auditing.check_coherence]
2026-07-22T11:00:50.234147000Z    iMac.local   base_scripts_check_coh INFO       check_coherence.py   run_coherence_check       153    ✅ COHERENT: developer        <-> Prompt-Lead-Developer.md [metadata: mod=src.auditing.check_coherence]
2026-07-22T11:00:50.236192000Z    iMac.local   base_scripts_check_coh INFO       check_coherence.py   run_coherence_check       153    ✅ COHERENT: qa               <-> Prompt-QA.md [metadata: mod=src.auditing.check_coherence]
2026-07-22T11:00:50.293085000Z    iMac.local   base_scripts_check_coh INFO       check_coherence.py   run_coherence_check       153    ✅ COHERENT: fleetarchitect   <-> Prompt-Fleet-Architect.md [metadata: mod=src.auditing.check_coherence]
2026-07-22T11:00:50.295747000Z    iMac.local   base_scripts_check_coh INFO       check_coherence.py   run_coherence_check       153    ✅ COHERENT: docmaintainer    <-> Prompt-DocMaintainer.md [metadata: mod=src.auditing.check_coherence]
2026-07-22T11:00:50.300550000Z    iMac.local   base_scripts_check_coh INFO       check_coherence.py   run_coherence_check       153    ✅ COHERENT: fleetcommander   <-> Prompt-FleetCommander.md [metadata: mod=src.auditing.check_coherence]
2026-07-22T11:00:50.301452000Z    iMac.local   base_scripts_check_coh INFO       check_coherence.py   run_coherence_check       153    ✅ COHERENT: purger           <-> Mister-Straight-to-Goal.md [metadata: mod=src.auditing.check_coherence]
2026-07-22T11:00:50.302383000Z    iMac.local   base_scripts_check_coh INFO       check_coherence.py   run_coherence_check       153    ✅ COHERENT: sentinel         <-> Prompt-Sentinel.md [metadata: mod=src.auditing.check_coherence]
2026-07-22T11:00:50.304063000Z    iMac.local   base_scripts_check_coh INFO       check_coherence.py   run_coherence_check       153    ✅ COHERENT: docindexer       <-> Prompt-DocIndexer.md [metadata: mod=src.auditing.check_coherence]
2026-07-22T11:00:50.305323000Z    iMac.local   base_scripts_check_coh INFO       check_coherence.py   run_coherence_check       153    ✅ COHERENT: codeindexer      <-> Prompt-CodeIndexer.md [metadata: mod=src.auditing.check_coherence]
2026-07-22T11:00:50.306645000Z    iMac.local   base_scripts_check_coh INFO       check_coherence.py   run_coherence_check       153    ✅ COHERENT: patternsentinel  <-> Prompt-Pattern-Sentinel.md [metadata: mod=src.auditing.check_coherence]
2026-07-22T11:00:50.310630000Z    iMac.local   base_scripts_check_coh WARNING    check_coherence.py   run_coherence_check       126    ❌ Missing Skill: [skills/pythonspecialist/SKILL.md] [metadata: mod=src.auditing.check_coherence]
2026-07-22T11:00:50.310813000Z    iMac.local   base_scripts_check_coh WARNING    check_coherence.py   run_coherence_check       182    ⚠️  WARNING: DETECTED 1 DRIFTED OR MISALIGNED AGENTS [metadata: mod=src.auditing.check_coherence]
