2026-07-09T22:17:27.283269000Z    iMac.local   base_scripts_brain_hea INFO       loader.py            set_logger                483    AppConfig : Logger updated successfully [metadata: mod=microservice_toolbox.config.loader]
2026-07-09T22:17:35.772602000Z    iMac.local   base_scripts_brain_hea INFO       brain_health_audit.p report                    118    ============================================================ [metadata: mod=commands.brain_health_audit]
2026-07-09T22:17:35.772910000Z    iMac.local   base_scripts_brain_hea INFO       brain_health_audit.p report                    119    🧠 BASTIEN BRAIN SENTINEL: HEALTH REPORT [metadata: mod=commands.brain_health_audit]
2026-07-09T22:17:35.772986000Z    iMac.local   base_scripts_brain_hea INFO       brain_health_audit.p report                    120    ============================================================ [metadata: mod=commands.brain_health_audit]
2026-07-09T22:17:35.773027000Z    iMac.local   base_scripts_brain_hea INFO       brain_health_audit.p report                    122    📊 STATISTICS: [metadata: mod=commands.brain_health_audit]
2026-07-09T22:17:35.773077000Z    iMac.local   base_scripts_brain_hea INFO       brain_health_audit.p report                    123      - Total Markdown Files: 941 [metadata: mod=commands.brain_health_audit]
2026-07-09T22:17:35.773126000Z    iMac.local   base_scripts_brain_hea INFO       brain_health_audit.p report                    124      - Total Errors: 0 [metadata: mod=commands.brain_health_audit]
2026-07-09T22:17:35.773213000Z    iMac.local   base_scripts_brain_hea INFO       brain_health_audit.p report                    125      - Total Warnings: 0 [metadata: mod=commands.brain_health_audit]
2026-07-09T22:17:35.773556000Z    iMac.local   base_scripts_brain_hea INFO       brain_health_audit.p report                    141    ============================================================ [metadata: mod=commands.brain_health_audit]
2026-07-09T22:17:35.774212000Z    iMac.local   base_scripts_brain_hea INFO       brain_health_audit.p report                    142    📈 SYNTHESIS VERDICT: [metadata: mod=commands.brain_health_audit]
2026-07-09T22:17:35.774287000Z    iMac.local   base_scripts_brain_hea INFO       brain_health_audit.p report                    145      - Accuracy:     High (0 Errors) [metadata: mod=commands.brain_health_audit]
2026-07-09T22:17:35.774328000Z    iMac.local   base_scripts_brain_hea INFO       brain_health_audit.p report                    146    ✨ OVERALL RESULT: BRAIN IS IN PERFECT COHERENCE [metadata: mod=commands.brain_health_audit]
2026-07-09T22:17:35.774367000Z    iMac.local   base_scripts_brain_hea INFO       brain_health_audit.p report                    150    ============================================================ [metadata: mod=commands.brain_health_audit]
2026-07-09T22:28:34.419712000Z    iMac.local   base_scripts_brain_hea INFO       loader.py            set_logger                483    AppConfig : Logger updated successfully [metadata: mod=microservice_toolbox.config.loader]
2026-07-09T22:28:46.779847000Z    iMac.local   base_scripts_brain_hea INFO       brain_health_audit.p report                    122    ============================================================ [metadata: mod=src.auditing.brain_health_audit]
2026-07-09T22:28:46.781583000Z    iMac.local   base_scripts_brain_hea INFO       brain_health_audit.p report                    123    🧠 BASTIEN BRAIN SENTINEL: HEALTH REPORT [metadata: mod=src.auditing.brain_health_audit]
2026-07-09T22:28:46.782620000Z    iMac.local   base_scripts_brain_hea INFO       brain_health_audit.p report                    124    ============================================================ [metadata: mod=src.auditing.brain_health_audit]
2026-07-09T22:28:46.783426000Z    iMac.local   base_scripts_brain_hea INFO       brain_health_audit.p report                    126    📊 STATISTICS: [metadata: mod=src.auditing.brain_health_audit]
2026-07-09T22:28:46.783588000Z    iMac.local   base_scripts_brain_hea INFO       brain_health_audit.p report                    127      - Total Markdown Files: 941 [metadata: mod=src.auditing.brain_health_audit]
2026-07-09T22:28:46.784247000Z    iMac.local   base_scripts_brain_hea INFO       brain_health_audit.p report                    128      - Total Errors: 0 [metadata: mod=src.auditing.brain_health_audit]
2026-07-09T22:28:46.784432000Z    iMac.local   base_scripts_brain_hea INFO       brain_health_audit.p report                    129      - Total Warnings: 0 [metadata: mod=src.auditing.brain_health_audit]
2026-07-09T22:28:46.784566000Z    iMac.local   base_scripts_brain_hea INFO       brain_health_audit.p report                    145    ============================================================ [metadata: mod=src.auditing.brain_health_audit]
2026-07-09T22:28:46.784908000Z    iMac.local   base_scripts_brain_hea INFO       brain_health_audit.p report                    146    📈 SYNTHESIS VERDICT: [metadata: mod=src.auditing.brain_health_audit]
2026-07-09T22:28:46.785043000Z    iMac.local   base_scripts_brain_hea INFO       brain_health_audit.p report                    149      - Accuracy:     High (0 Errors) [metadata: mod=src.auditing.brain_health_audit]
2026-07-09T22:28:46.786338000Z    iMac.local   base_scripts_brain_hea INFO       brain_health_audit.p report                    150    ✨ OVERALL RESULT: BRAIN IS IN PERFECT COHERENCE [metadata: mod=src.auditing.brain_health_audit]
2026-07-09T22:28:46.786432000Z    iMac.local   base_scripts_brain_hea INFO       brain_health_audit.p report                    154    ============================================================ [metadata: mod=src.auditing.brain_health_audit]
2026-07-10T14:02:45.243440000Z    iMac.local   base_scripts_brain_hea INFO       loader.py            set_logger                483    AppConfig : Logger updated successfully [metadata: mod=microservice_toolbox.config.loader]
2026-07-10T14:02:52.410684000Z    iMac.local   base_scripts_brain_hea INFO       brain_health_audit.p report                    122    ============================================================ [metadata: mod=src.auditing.brain_health_audit]
2026-07-10T14:02:52.412799000Z    iMac.local   base_scripts_brain_hea INFO       brain_health_audit.p report                    123    🧠 BASTIEN BRAIN SENTINEL: HEALTH REPORT [metadata: mod=src.auditing.brain_health_audit]
2026-07-10T14:02:52.412915000Z    iMac.local   base_scripts_brain_hea INFO       brain_health_audit.p report                    124    ============================================================ [metadata: mod=src.auditing.brain_health_audit]
2026-07-10T14:02:52.412974000Z    iMac.local   base_scripts_brain_hea INFO       brain_health_audit.p report                    126    📊 STATISTICS: [metadata: mod=src.auditing.brain_health_audit]
2026-07-10T14:02:52.413020000Z    iMac.local   base_scripts_brain_hea INFO       brain_health_audit.p report                    127      - Total Markdown Files: 940 [metadata: mod=src.auditing.brain_health_audit]
2026-07-10T14:02:52.413059000Z    iMac.local   base_scripts_brain_hea INFO       brain_health_audit.p report                    128      - Total Errors: 0 [metadata: mod=src.auditing.brain_health_audit]
2026-07-10T14:02:52.413090000Z    iMac.local   base_scripts_brain_hea INFO       brain_health_audit.p report                    129      - Total Warnings: 0 [metadata: mod=src.auditing.brain_health_audit]
2026-07-10T14:02:52.413121000Z    iMac.local   base_scripts_brain_hea INFO       brain_health_audit.p report                    145    ============================================================ [metadata: mod=src.auditing.brain_health_audit]
2026-07-10T14:02:52.413150000Z    iMac.local   base_scripts_brain_hea INFO       brain_health_audit.p report                    146    📈 SYNTHESIS VERDICT: [metadata: mod=src.auditing.brain_health_audit]
2026-07-10T14:02:52.413180000Z    iMac.local   base_scripts_brain_hea INFO       brain_health_audit.p report                    149      - Accuracy:     High (0 Errors) [metadata: mod=src.auditing.brain_health_audit]
2026-07-10T14:02:52.413231000Z    iMac.local   base_scripts_brain_hea INFO       brain_health_audit.p report                    150    ✨ OVERALL RESULT: BRAIN IS IN PERFECT COHERENCE [metadata: mod=src.auditing.brain_health_audit]
2026-07-10T14:02:52.413258000Z    iMac.local   base_scripts_brain_hea INFO       brain_health_audit.p report                    154    ============================================================ [metadata: mod=src.auditing.brain_health_audit]
2026-07-10T14:23:04.675419000Z    iMac.local   base_scripts_brain_hea INFO       loader.py            set_logger                483    AppConfig : Logger updated successfully [metadata: mod=microservice_toolbox.config.loader]
2026-07-10T14:23:04.679607000Z    iMac.local   base_scripts_brain_hea WARNING    pg_pool.py           get_pg_pool               46     SharedPool : psycopg2-binary is not installed in the active environment. [metadata: mod=lib.pg_pool]
2026-07-10T14:23:10.993560000Z    iMac.local   base_scripts_brain_hea INFO       brain_health_audit.p report                    122    ============================================================ [metadata: mod=src.auditing.brain_health_audit]
2026-07-10T14:23:10.993882000Z    iMac.local   base_scripts_brain_hea INFO       brain_health_audit.p report                    123    🧠 BASTIEN BRAIN SENTINEL: HEALTH REPORT [metadata: mod=src.auditing.brain_health_audit]
2026-07-10T14:23:10.993959000Z    iMac.local   base_scripts_brain_hea INFO       brain_health_audit.p report                    124    ============================================================ [metadata: mod=src.auditing.brain_health_audit]
2026-07-10T14:23:10.994020000Z    iMac.local   base_scripts_brain_hea INFO       brain_health_audit.p report                    126    📊 STATISTICS: [metadata: mod=src.auditing.brain_health_audit]
2026-07-10T14:23:10.994233000Z    iMac.local   base_scripts_brain_hea INFO       brain_health_audit.p report                    127      - Total Markdown Files: 940 [metadata: mod=src.auditing.brain_health_audit]
2026-07-10T14:23:10.994305000Z    iMac.local   base_scripts_brain_hea INFO       brain_health_audit.p report                    128      - Total Errors: 0 [metadata: mod=src.auditing.brain_health_audit]
2026-07-10T14:23:10.994348000Z    iMac.local   base_scripts_brain_hea INFO       brain_health_audit.p report                    129      - Total Warnings: 0 [metadata: mod=src.auditing.brain_health_audit]
2026-07-10T14:23:10.994387000Z    iMac.local   base_scripts_brain_hea INFO       brain_health_audit.p report                    145    ============================================================ [metadata: mod=src.auditing.brain_health_audit]
2026-07-10T14:23:10.994423000Z    iMac.local   base_scripts_brain_hea INFO       brain_health_audit.p report                    146    📈 SYNTHESIS VERDICT: [metadata: mod=src.auditing.brain_health_audit]
2026-07-10T14:23:10.994463000Z    iMac.local   base_scripts_brain_hea INFO       brain_health_audit.p report                    149      - Accuracy:     High (0 Errors) [metadata: mod=src.auditing.brain_health_audit]
2026-07-10T14:23:10.994503000Z    iMac.local   base_scripts_brain_hea INFO       brain_health_audit.p report                    150    ✨ OVERALL RESULT: BRAIN IS IN PERFECT COHERENCE [metadata: mod=src.auditing.brain_health_audit]
2026-07-10T14:23:10.994541000Z    iMac.local   base_scripts_brain_hea INFO       brain_health_audit.p report                    154    ============================================================ [metadata: mod=src.auditing.brain_health_audit]
2026-07-10T15:22:37.623083000Z    iMac.local   base_scripts_brain_hea INFO       loader.py            set_logger                483    AppConfig : Logger updated successfully [metadata: mod=microservice_toolbox.config.loader]
2026-07-10T15:22:37.668567000Z    iMac.local   base_scripts_brain_hea WARNING    pg_pool.py           get_pg_pool               46     SharedPool : psycopg2-binary is not installed in the active environment. [metadata: mod=lib.pg_pool]
2026-07-10T15:22:50.583997000Z    iMac.local   base_scripts_brain_hea INFO       brain_health_audit.p report                    122    ============================================================ [metadata: mod=src.auditing.brain_health_audit]
2026-07-10T15:22:50.584253000Z    iMac.local   base_scripts_brain_hea INFO       brain_health_audit.p report                    123    🧠 BASTIEN BRAIN SENTINEL: HEALTH REPORT [metadata: mod=src.auditing.brain_health_audit]
2026-07-10T15:22:50.584320000Z    iMac.local   base_scripts_brain_hea INFO       brain_health_audit.p report                    124    ============================================================ [metadata: mod=src.auditing.brain_health_audit]
2026-07-10T15:22:50.584355000Z    iMac.local   base_scripts_brain_hea INFO       brain_health_audit.p report                    126    📊 STATISTICS: [metadata: mod=src.auditing.brain_health_audit]
2026-07-10T15:22:50.584400000Z    iMac.local   base_scripts_brain_hea INFO       brain_health_audit.p report                    127      - Total Markdown Files: 940 [metadata: mod=src.auditing.brain_health_audit]
2026-07-10T15:22:50.584450000Z    iMac.local   base_scripts_brain_hea INFO       brain_health_audit.p report                    128      - Total Errors: 0 [metadata: mod=src.auditing.brain_health_audit]
2026-07-10T15:22:50.584484000Z    iMac.local   base_scripts_brain_hea INFO       brain_health_audit.p report                    129      - Total Warnings: 0 [metadata: mod=src.auditing.brain_health_audit]
2026-07-10T15:22:50.584513000Z    iMac.local   base_scripts_brain_hea INFO       brain_health_audit.p report                    145    ============================================================ [metadata: mod=src.auditing.brain_health_audit]
2026-07-10T15:22:50.584541000Z    iMac.local   base_scripts_brain_hea INFO       brain_health_audit.p report                    146    📈 SYNTHESIS VERDICT: [metadata: mod=src.auditing.brain_health_audit]
2026-07-10T15:22:50.584570000Z    iMac.local   base_scripts_brain_hea INFO       brain_health_audit.p report                    149      - Accuracy:     High (0 Errors) [metadata: mod=src.auditing.brain_health_audit]
2026-07-10T15:22:50.584604000Z    iMac.local   base_scripts_brain_hea INFO       brain_health_audit.p report                    150    ✨ OVERALL RESULT: BRAIN IS IN PERFECT COHERENCE [metadata: mod=src.auditing.brain_health_audit]
2026-07-10T15:22:50.584640000Z    iMac.local   base_scripts_brain_hea INFO       brain_health_audit.p report                    154    ============================================================ [metadata: mod=src.auditing.brain_health_audit]
2026-07-10T15:40:51.474300000Z    iMac.local   base_scripts_brain_hea INFO       loader.py            set_logger                483    AppConfig : Logger updated successfully [metadata: mod=microservice_toolbox.config.loader]
2026-07-10T15:40:51.477119000Z    iMac.local   base_scripts_brain_hea WARNING    pg_pool.py           get_pg_pool               46     SharedPool : psycopg2-binary is not installed in the active environment. [metadata: mod=lib.pg_pool]
2026-07-10T15:41:01.890525000Z    iMac.local   base_scripts_brain_hea INFO       brain_health_audit.p report                    122    ============================================================ [metadata: mod=src.auditing.brain_health_audit]
2026-07-10T15:41:01.894814000Z    iMac.local   base_scripts_brain_hea INFO       brain_health_audit.p report                    123    🧠 BASTIEN BRAIN SENTINEL: HEALTH REPORT [metadata: mod=src.auditing.brain_health_audit]
2026-07-10T15:41:01.894937000Z    iMac.local   base_scripts_brain_hea INFO       brain_health_audit.p report                    124    ============================================================ [metadata: mod=src.auditing.brain_health_audit]
2026-07-10T15:41:01.894996000Z    iMac.local   base_scripts_brain_hea INFO       brain_health_audit.p report                    126    📊 STATISTICS: [metadata: mod=src.auditing.brain_health_audit]
2026-07-10T15:41:01.895057000Z    iMac.local   base_scripts_brain_hea INFO       brain_health_audit.p report                    127      - Total Markdown Files: 941 [metadata: mod=src.auditing.brain_health_audit]
2026-07-10T15:41:01.895154000Z    iMac.local   base_scripts_brain_hea INFO       brain_health_audit.p report                    128      - Total Errors: 0 [metadata: mod=src.auditing.brain_health_audit]
2026-07-10T15:41:01.895204000Z    iMac.local   base_scripts_brain_hea INFO       brain_health_audit.p report                    129      - Total Warnings: 0 [metadata: mod=src.auditing.brain_health_audit]
2026-07-10T15:41:01.895249000Z    iMac.local   base_scripts_brain_hea INFO       brain_health_audit.p report                    145    ============================================================ [metadata: mod=src.auditing.brain_health_audit]
2026-07-10T15:41:01.895279000Z    iMac.local   base_scripts_brain_hea INFO       brain_health_audit.p report                    146    📈 SYNTHESIS VERDICT: [metadata: mod=src.auditing.brain_health_audit]
2026-07-10T15:41:01.895311000Z    iMac.local   base_scripts_brain_hea INFO       brain_health_audit.p report                    149      - Accuracy:     High (0 Errors) [metadata: mod=src.auditing.brain_health_audit]
2026-07-10T15:41:01.895364000Z    iMac.local   base_scripts_brain_hea INFO       brain_health_audit.p report                    150    ✨ OVERALL RESULT: BRAIN IS IN PERFECT COHERENCE [metadata: mod=src.auditing.brain_health_audit]
2026-07-10T15:41:01.895427000Z    iMac.local   base_scripts_brain_hea INFO       brain_health_audit.p report                    154    ============================================================ [metadata: mod=src.auditing.brain_health_audit]
2026-07-12T09:17:04.736923000Z    iMac.local   base_scripts_brain_hea INFO       loader.py            set_logger                483    AppConfig : Logger updated successfully [metadata: mod=microservice_toolbox.config.loader]
2026-07-12T09:17:04.792855000Z    iMac.local   base_scripts_brain_hea INFO       pg_pool.py           get_pg_pool               68     SharedPool : Connecting to 127.0.0.1:5432 (database=obsidiandb) [metadata: mod=lib.pg_pool]
2026-07-12T09:17:05.047209000Z    iMac.local   base_scripts_brain_hea INFO       memory.py            _init_db                  99     PostgresMemoryStore : Initialised database schema '08-Base-Scripts' [metadata: mod=lib.memory]
2026-07-12T09:17:17.976753000Z    iMac.local   base_scripts_brain_hea INFO       brain_health_audit.p report                    132    ============================================================ [metadata: mod=src.auditing.brain_health_audit]
2026-07-12T09:17:17.977261000Z    iMac.local   base_scripts_brain_hea INFO       brain_health_audit.p report                    133    🧠 BASTIEN BRAIN SENTINEL: HEALTH REPORT [metadata: mod=src.auditing.brain_health_audit]
2026-07-12T09:17:17.977832000Z    iMac.local   base_scripts_brain_hea INFO       brain_health_audit.p report                    134    ============================================================ [metadata: mod=src.auditing.brain_health_audit]
2026-07-12T09:17:17.979089000Z    iMac.local   base_scripts_brain_hea INFO       brain_health_audit.p report                    136    📊 STATISTICS: [metadata: mod=src.auditing.brain_health_audit]
2026-07-12T09:17:17.979391000Z    iMac.local   base_scripts_brain_hea INFO       brain_health_audit.p report                    137      - Total Markdown Files: 998 [metadata: mod=src.auditing.brain_health_audit]
2026-07-12T09:17:17.980010000Z    iMac.local   base_scripts_brain_hea INFO       brain_health_audit.p report                    138      - Total Errors: 0 [metadata: mod=src.auditing.brain_health_audit]
2026-07-12T09:17:17.980275000Z    iMac.local   base_scripts_brain_hea INFO       brain_health_audit.p report                    139      - Total Warnings: 0 [metadata: mod=src.auditing.brain_health_audit]
2026-07-12T09:17:17.980716000Z    iMac.local   base_scripts_brain_hea INFO       brain_health_audit.p report                    155    ============================================================ [metadata: mod=src.auditing.brain_health_audit]
2026-07-12T09:17:17.981022000Z    iMac.local   base_scripts_brain_hea INFO       brain_health_audit.p report                    156    📈 SYNTHESIS VERDICT: [metadata: mod=src.auditing.brain_health_audit]
2026-07-12T09:17:17.981324000Z    iMac.local   base_scripts_brain_hea INFO       brain_health_audit.p report                    159      - Accuracy:     High (0 Errors) [metadata: mod=src.auditing.brain_health_audit]
2026-07-12T09:17:17.981607000Z    iMac.local   base_scripts_brain_hea INFO       brain_health_audit.p report                    160    ✨ OVERALL RESULT: BRAIN IS IN PERFECT COHERENCE [metadata: mod=src.auditing.brain_health_audit]
2026-07-12T09:17:17.981909000Z    iMac.local   base_scripts_brain_hea INFO       brain_health_audit.p report                    164    ============================================================ [metadata: mod=src.auditing.brain_health_audit]
2026-07-12T16:58:48.135592000Z    iMac.local   base_scripts_brain_hea INFO       loader.py            set_logger                483    AppConfig : Logger updated successfully [metadata: mod=microservice_toolbox.config.loader]
2026-07-12T16:58:48.177421000Z    iMac.local   base_scripts_brain_hea INFO       pg_pool.py           get_pg_pool               68     SharedPool : Connecting to 127.0.0.1:5432 (database=obsidiandb) [metadata: mod=lib.pg_pool]
2026-07-12T16:58:48.458959000Z    iMac.local   base_scripts_brain_hea INFO       memory.py            _init_db                  109    PostgresMemoryStore : Initialised database schema '08-Base-Scripts' [metadata: mod=lib.memory]
2026-07-12T16:58:57.993102000Z    iMac.local   base_scripts_brain_hea INFO       brain_health_audit.p report                    132    ============================================================ [metadata: mod=src.auditing.brain_health_audit]
2026-07-12T16:58:57.993399000Z    iMac.local   base_scripts_brain_hea INFO       brain_health_audit.p report                    133    🧠 BASTIEN BRAIN SENTINEL: HEALTH REPORT [metadata: mod=src.auditing.brain_health_audit]
2026-07-12T16:58:57.993647000Z    iMac.local   base_scripts_brain_hea INFO       brain_health_audit.p report                    134    ============================================================ [metadata: mod=src.auditing.brain_health_audit]
2026-07-12T16:58:57.994083000Z    iMac.local   base_scripts_brain_hea INFO       brain_health_audit.p report                    136    📊 STATISTICS: [metadata: mod=src.auditing.brain_health_audit]
2026-07-12T16:58:57.995200000Z    iMac.local   base_scripts_brain_hea INFO       brain_health_audit.p report                    137      - Total Markdown Files: 998 [metadata: mod=src.auditing.brain_health_audit]
2026-07-12T16:58:57.995461000Z    iMac.local   base_scripts_brain_hea INFO       brain_health_audit.p report                    138      - Total Errors: 0 [metadata: mod=src.auditing.brain_health_audit]
2026-07-12T16:58:57.996021000Z    iMac.local   base_scripts_brain_hea INFO       brain_health_audit.p report                    139      - Total Warnings: 0 [metadata: mod=src.auditing.brain_health_audit]
2026-07-12T16:58:57.996218000Z    iMac.local   base_scripts_brain_hea INFO       brain_health_audit.p report                    155    ============================================================ [metadata: mod=src.auditing.brain_health_audit]
2026-07-12T16:58:57.996419000Z    iMac.local   base_scripts_brain_hea INFO       brain_health_audit.p report                    156    📈 SYNTHESIS VERDICT: [metadata: mod=src.auditing.brain_health_audit]
2026-07-12T16:58:57.996629000Z    iMac.local   base_scripts_brain_hea INFO       brain_health_audit.p report                    159      - Accuracy:     High (0 Errors) [metadata: mod=src.auditing.brain_health_audit]
2026-07-12T16:58:57.997455000Z    iMac.local   base_scripts_brain_hea INFO       brain_health_audit.p report                    160    ✨ OVERALL RESULT: BRAIN IS IN PERFECT COHERENCE [metadata: mod=src.auditing.brain_health_audit]
2026-07-12T16:58:57.997789000Z    iMac.local   base_scripts_brain_hea INFO       brain_health_audit.p report                    164    ============================================================ [metadata: mod=src.auditing.brain_health_audit]
2026-07-12T23:03:28.627783000Z    iMac.local   base_scripts_brain_hea INFO       loader.py            set_logger                483    AppConfig : Logger updated successfully [metadata: mod=microservice_toolbox.config.loader]
2026-07-12T23:03:28.691349000Z    iMac.local   base_scripts_brain_hea INFO       pg_pool.py           get_pg_pool               68     SharedPool : Connecting to 127.0.0.1:5432 (database=obsidiandb) [metadata: mod=lib.pg_pool]
2026-07-12T23:03:28.919742000Z    iMac.local   base_scripts_brain_hea INFO       memory.py            _init_db                  109    PostgresMemoryStore : Initialised database schema '08-Base-Scripts' [metadata: mod=lib.memory]
2026-07-12T23:03:43.002678000Z    iMac.local   base_scripts_brain_hea INFO       brain_health_audit.p report                    132    ============================================================ [metadata: mod=src.auditing.brain_health_audit]
2026-07-12T23:03:43.005530000Z    iMac.local   base_scripts_brain_hea INFO       brain_health_audit.p report                    133    🧠 BASTIEN BRAIN SENTINEL: HEALTH REPORT [metadata: mod=src.auditing.brain_health_audit]
2026-07-12T23:03:43.008056000Z    iMac.local   base_scripts_brain_hea INFO       brain_health_audit.p report                    134    ============================================================ [metadata: mod=src.auditing.brain_health_audit]
2026-07-12T23:03:43.009859000Z    iMac.local   base_scripts_brain_hea INFO       brain_health_audit.p report                    136    📊 STATISTICS: [metadata: mod=src.auditing.brain_health_audit]
2026-07-12T23:03:43.012515000Z    iMac.local   base_scripts_brain_hea INFO       brain_health_audit.p report                    137      - Total Markdown Files: 1042 [metadata: mod=src.auditing.brain_health_audit]
2026-07-12T23:03:43.013240000Z    iMac.local   base_scripts_brain_hea INFO       brain_health_audit.p report                    138      - Total Errors: 0 [metadata: mod=src.auditing.brain_health_audit]
2026-07-12T23:03:43.014174000Z    iMac.local   base_scripts_brain_hea INFO       brain_health_audit.p report                    139      - Total Warnings: 0 [metadata: mod=src.auditing.brain_health_audit]
2026-07-12T23:03:43.015175000Z    iMac.local   base_scripts_brain_hea INFO       brain_health_audit.p report                    155    ============================================================ [metadata: mod=src.auditing.brain_health_audit]
2026-07-12T23:03:43.015881000Z    iMac.local   base_scripts_brain_hea INFO       brain_health_audit.p report                    156    📈 SYNTHESIS VERDICT: [metadata: mod=src.auditing.brain_health_audit]
2026-07-12T23:03:43.016546000Z    iMac.local   base_scripts_brain_hea INFO       brain_health_audit.p report                    159      - Accuracy:     High (0 Errors) [metadata: mod=src.auditing.brain_health_audit]
2026-07-12T23:03:43.017181000Z    iMac.local   base_scripts_brain_hea INFO       brain_health_audit.p report                    160    ✨ OVERALL RESULT: BRAIN IS IN PERFECT COHERENCE [metadata: mod=src.auditing.brain_health_audit]
2026-07-12T23:03:43.017748000Z    iMac.local   base_scripts_brain_hea INFO       brain_health_audit.p report                    164    ============================================================ [metadata: mod=src.auditing.brain_health_audit]
2026-07-22T11:00:21.637764000Z    iMac.local   base_scripts_brain_hea INFO       loader.py            set_logger                483    AppConfig : Logger updated successfully [metadata: mod=microservice_toolbox.config.loader]
2026-07-22T11:00:21.706088000Z    iMac.local   base_scripts_brain_hea INFO       pg_pool.py           get_pg_pool               68     SharedPool : Connecting to 127.0.0.1:5432 (database=obsidiandb) [metadata: mod=lib.pg_pool]
2026-07-22T11:00:22.231480000Z    iMac.local   base_scripts_brain_hea INFO       memory.py            _init_db                  109    PostgresMemoryStore : Initialised database schema '08-Base-Scripts' [metadata: mod=lib.memory]
2026-07-22T11:00:34.597762000Z    iMac.local   base_scripts_brain_hea INFO       brain_health_audit.p report                    132    ============================================================ [metadata: mod=src.auditing.brain_health_audit]
2026-07-22T11:00:34.598115000Z    iMac.local   base_scripts_brain_hea INFO       brain_health_audit.p report                    133    🧠 BASTIEN BRAIN SENTINEL: HEALTH REPORT [metadata: mod=src.auditing.brain_health_audit]
2026-07-22T11:00:34.600974000Z    iMac.local   base_scripts_brain_hea INFO       brain_health_audit.p report                    134    ============================================================ [metadata: mod=src.auditing.brain_health_audit]
2026-07-22T11:00:34.601149000Z    iMac.local   base_scripts_brain_hea INFO       brain_health_audit.p report                    136    📊 STATISTICS: [metadata: mod=src.auditing.brain_health_audit]
2026-07-22T11:00:34.601378000Z    iMac.local   base_scripts_brain_hea INFO       brain_health_audit.p report                    137      - Total Markdown Files: 984 [metadata: mod=src.auditing.brain_health_audit]
2026-07-22T11:00:34.601871000Z    iMac.local   base_scripts_brain_hea INFO       brain_health_audit.p report                    138      - Total Errors: 1 [metadata: mod=src.auditing.brain_health_audit]
2026-07-22T11:00:34.602961000Z    iMac.local   base_scripts_brain_hea INFO       brain_health_audit.p report                    139      - Total Warnings: 1 [metadata: mod=src.auditing.brain_health_audit]
2026-07-22T11:00:34.603647000Z    iMac.local   base_scripts_brain_hea WARNING    brain_health_audit.p report                    142    🚨 CRITICAL VIOLATIONS (1): [metadata: mod=src.auditing.brain_health_audit]
2026-07-22T11:00:34.604301000Z    iMac.local   base_scripts_brain_hea WARNING    brain_health_audit.p report                    144      [!] Failed to read skeleton.go.md: 'utf-8' codec can't decode byte 0x8c in position 262: invalid start byte [metadata: mod=src.auditing.brain_health_audit]
2026-07-22T11:00:34.605074000Z    iMac.local   base_scripts_brain_hea INFO       brain_health_audit.p report                    149    ⚠️ HYGIENE WARNINGS (1): [metadata: mod=src.auditing.brain_health_audit]
2026-07-22T11:00:34.605707000Z    iMac.local   base_scripts_brain_hea INFO       brain_health_audit.p report                    151      [~] Auto-fix failed for skeleton.go.md: 'utf-8' codec can't decode byte 0x8c in position 262: invalid start byte [metadata: mod=src.auditing.brain_health_audit]
2026-07-22T11:00:34.606330000Z    iMac.local   base_scripts_brain_hea INFO       brain_health_audit.p report                    155    ============================================================ [metadata: mod=src.auditing.brain_health_audit]
2026-07-22T11:00:34.607023000Z    iMac.local   base_scripts_brain_hea INFO       brain_health_audit.p report                    156    📈 SYNTHESIS VERDICT: [metadata: mod=src.auditing.brain_health_audit]
2026-07-22T11:00:34.607579000Z    iMac.local   base_scripts_brain_hea INFO       brain_health_audit.p report                    162      - Accuracy:     Low (1 Errors) [metadata: mod=src.auditing.brain_health_audit]
2026-07-22T11:00:34.608139000Z    iMac.local   base_scripts_brain_hea WARNING    brain_health_audit.p report                    163    ⚠️ OVERALL RESULT: DRIFT DETECTED. PLEASE RESOLVE THE ABOVE ISSUES. [metadata: mod=src.auditing.brain_health_audit]
2026-07-22T11:00:34.608596000Z    iMac.local   base_scripts_brain_hea INFO       brain_health_audit.p report                    164    ============================================================ [metadata: mod=src.auditing.brain_health_audit]
