2026-07-11T12:46:51.817691000Z    iMac.local   base_scripts           INFO       loader.py            set_logger                483    AppConfig : Logger updated successfully [metadata: mod=microservice_toolbox.config.loader]
2026-07-11T12:46:51.819046000Z    iMac.local   base_scripts           WARNING    pg_pool.py           get_pg_pool               46     SharedPool : psycopg2-binary is not installed in the active environment. [metadata: mod=lib.pg_pool]
2026-07-11T12:51:25.704311000Z    iMac.local   base_scripts           INFO       loader.py            set_logger                483    AppConfig : Logger updated successfully [metadata: mod=microservice_toolbox.config.loader]
2026-07-11T12:51:25.705364000Z    iMac.local   base_scripts           WARNING    pg_pool.py           get_pg_pool               46     SharedPool : psycopg2-binary is not installed in the active environment. [metadata: mod=lib.pg_pool]
2026-07-11T12:51:36.516754000Z    iMac.local   base_scripts           INFO       brain_health_audit.p report                    132    ============================================================ [metadata: mod=__main__]
2026-07-11T12:51:36.520127000Z    iMac.local   base_scripts           INFO       brain_health_audit.p report                    133    🧠 BASTIEN BRAIN SENTINEL: HEALTH REPORT [metadata: mod=__main__]
2026-07-11T12:51:36.520622000Z    iMac.local   base_scripts           INFO       brain_health_audit.p report                    134    ============================================================ [metadata: mod=__main__]
2026-07-11T12:51:36.520858000Z    iMac.local   base_scripts           INFO       brain_health_audit.p report                    136    📊 STATISTICS: [metadata: mod=__main__]
2026-07-11T12:51:36.521170000Z    iMac.local   base_scripts           INFO       brain_health_audit.p report                    137      - Total Markdown Files: 998 [metadata: mod=__main__]
2026-07-11T12:51:36.521494000Z    iMac.local   base_scripts           INFO       brain_health_audit.p report                    138      - Total Errors: 7 [metadata: mod=__main__]
2026-07-11T12:51:36.523811000Z    iMac.local   base_scripts           INFO       brain_health_audit.p report                    139      - Total Warnings: 0 [metadata: mod=__main__]
2026-07-11T12:51:36.524027000Z    iMac.local   base_scripts           WARNING    brain_health_audit.p report                    142    🚨 CRITICAL VIOLATIONS (7): [metadata: mod=__main__]
2026-07-11T12:51:36.524197000Z    iMac.local   base_scripts           WARNING    brain_health_audit.p report                    144      [!] [Agent-Roles-MOC.md] Broken link: [[chroma-router]] [metadata: mod=__main__]
2026-07-11T12:51:36.524377000Z    iMac.local   base_scripts           WARNING    brain_health_audit.p report                    144      [!] [Prompt-CodeIndexer.md] Broken link: [[chroma-router]] [metadata: mod=__main__]
2026-07-11T12:51:36.524552000Z    iMac.local   base_scripts           WARNING    brain_health_audit.p report                    144      [!] [Prompt-CodeIndexer.md] Broken link: [[chroma-router]] [metadata: mod=__main__]
2026-07-11T12:51:36.524708000Z    iMac.local   base_scripts           WARNING    brain_health_audit.p report                    144      [!] [Prompt-CodeIndexer.md] Broken link: [[chroma-router]] [metadata: mod=__main__]
2026-07-11T12:51:36.526552000Z    iMac.local   base_scripts           WARNING    brain_health_audit.p report                    144      [!] [Prompt-DocIndexer.md] Broken link: [[chroma-router]] [metadata: mod=__main__]
2026-07-11T12:51:36.527737000Z    iMac.local   base_scripts           WARNING    brain_health_audit.p report                    144      [!] [Prompt-DocIndexer.md] Broken link: [[chroma-router]] [metadata: mod=__main__]
2026-07-11T12:51:36.529023000Z    iMac.local   base_scripts           WARNING    brain_health_audit.p report                    144      [!] [Prompt-DocIndexer.md] Broken link: [[chroma-router]] [metadata: mod=__main__]
2026-07-11T12:51:36.529113000Z    iMac.local   base_scripts           INFO       brain_health_audit.p report                    155    ============================================================ [metadata: mod=__main__]
2026-07-11T12:51:36.532144000Z    iMac.local   base_scripts           INFO       brain_health_audit.p report                    156    📈 SYNTHESIS VERDICT: [metadata: mod=__main__]
2026-07-11T12:51:36.532358000Z    iMac.local   base_scripts           INFO       brain_health_audit.p report                    162      - Accuracy:     Low (7 Errors) [metadata: mod=__main__]
2026-07-11T12:51:36.532522000Z    iMac.local   base_scripts           WARNING    brain_health_audit.p report                    163    ⚠️ OVERALL RESULT: DRIFT DETECTED. PLEASE RESOLVE THE ABOVE ISSUES. [metadata: mod=__main__]
2026-07-11T12:51:36.532678000Z    iMac.local   base_scripts           INFO       brain_health_audit.p report                    164    ============================================================ [metadata: mod=__main__]
2026-07-11T12:56:52.805469000Z    iMac.local   base_scripts           INFO       loader.py            set_logger                483    AppConfig : Logger updated successfully [metadata: mod=microservice_toolbox.config.loader]
2026-07-11T12:56:52.807091000Z    iMac.local   base_scripts           WARNING    pg_pool.py           get_pg_pool               46     SharedPool : psycopg2-binary is not installed in the active environment. [metadata: mod=lib.pg_pool]
2026-07-11T12:56:59.728140000Z    iMac.local   base_scripts           INFO       brain_health_audit.p report                    132    ============================================================ [metadata: mod=__main__]
2026-07-11T12:56:59.728914000Z    iMac.local   base_scripts           INFO       brain_health_audit.p report                    133    🧠 BASTIEN BRAIN SENTINEL: HEALTH REPORT [metadata: mod=__main__]
2026-07-11T12:56:59.729169000Z    iMac.local   base_scripts           INFO       brain_health_audit.p report                    134    ============================================================ [metadata: mod=__main__]
2026-07-11T12:56:59.729332000Z    iMac.local   base_scripts           INFO       brain_health_audit.p report                    136    📊 STATISTICS: [metadata: mod=__main__]
2026-07-11T12:56:59.729511000Z    iMac.local   base_scripts           INFO       brain_health_audit.p report                    137      - Total Markdown Files: 998 [metadata: mod=__main__]
2026-07-11T12:56:59.729796000Z    iMac.local   base_scripts           INFO       brain_health_audit.p report                    138      - Total Errors: 0 [metadata: mod=__main__]
2026-07-11T12:56:59.730038000Z    iMac.local   base_scripts           INFO       brain_health_audit.p report                    139      - Total Warnings: 0 [metadata: mod=__main__]
2026-07-11T12:56:59.730228000Z    iMac.local   base_scripts           INFO       brain_health_audit.p report                    155    ============================================================ [metadata: mod=__main__]
2026-07-11T12:56:59.730385000Z    iMac.local   base_scripts           INFO       brain_health_audit.p report                    156    📈 SYNTHESIS VERDICT: [metadata: mod=__main__]
2026-07-11T12:56:59.730528000Z    iMac.local   base_scripts           INFO       brain_health_audit.p report                    159      - Accuracy:     High (0 Errors) [metadata: mod=__main__]
2026-07-11T12:56:59.730674000Z    iMac.local   base_scripts           INFO       brain_health_audit.p report                    160    ✨ OVERALL RESULT: BRAIN IS IN PERFECT COHERENCE [metadata: mod=__main__]
2026-07-11T12:56:59.730808000Z    iMac.local   base_scripts           INFO       brain_health_audit.p report                    164    ============================================================ [metadata: mod=__main__]
2026-07-11T15:02:20.716677000Z    iMac.local   base_scripts           INFO       loader.py            set_logger                483    AppConfig : Logger updated successfully [metadata: mod=microservice_toolbox.config.loader]
2026-07-11T15:02:20.717711000Z    iMac.local   base_scripts           WARNING    pg_pool.py           get_pg_pool               46     SharedPool : psycopg2-binary is not installed in the active environment. [metadata: mod=lib.pg_pool]
2026-07-11T15:02:27.810783000Z    iMac.local   base_scripts           INFO       brain_health_audit.p report                    132    ============================================================ [metadata: mod=__main__]
2026-07-11T15:02:27.811059000Z    iMac.local   base_scripts           INFO       brain_health_audit.p report                    133    🧠 BASTIEN BRAIN SENTINEL: HEALTH REPORT [metadata: mod=__main__]
2026-07-11T15:02:27.811124000Z    iMac.local   base_scripts           INFO       brain_health_audit.p report                    134    ============================================================ [metadata: mod=__main__]
2026-07-11T15:02:27.811164000Z    iMac.local   base_scripts           INFO       brain_health_audit.p report                    136    📊 STATISTICS: [metadata: mod=__main__]
2026-07-11T15:02:27.811217000Z    iMac.local   base_scripts           INFO       brain_health_audit.p report                    137      - Total Markdown Files: 998 [metadata: mod=__main__]
2026-07-11T15:02:27.811253000Z    iMac.local   base_scripts           INFO       brain_health_audit.p report                    138      - Total Errors: 0 [metadata: mod=__main__]
2026-07-11T15:02:27.811288000Z    iMac.local   base_scripts           INFO       brain_health_audit.p report                    139      - Total Warnings: 0 [metadata: mod=__main__]
2026-07-11T15:02:27.811619000Z    iMac.local   base_scripts           INFO       brain_health_audit.p report                    155    ============================================================ [metadata: mod=__main__]
2026-07-11T15:02:27.811670000Z    iMac.local   base_scripts           INFO       brain_health_audit.p report                    156    📈 SYNTHESIS VERDICT: [metadata: mod=__main__]
2026-07-11T15:02:27.811719000Z    iMac.local   base_scripts           INFO       brain_health_audit.p report                    159      - Accuracy:     High (0 Errors) [metadata: mod=__main__]
2026-07-11T15:02:27.811759000Z    iMac.local   base_scripts           INFO       brain_health_audit.p report                    160    ✨ OVERALL RESULT: BRAIN IS IN PERFECT COHERENCE [metadata: mod=__main__]
2026-07-11T15:02:27.811798000Z    iMac.local   base_scripts           INFO       brain_health_audit.p report                    164    ============================================================ [metadata: mod=__main__]
2026-07-11T15:09:24.701259000Z    iMac.local   base_scripts           INFO       loader.py            set_logger                483    AppConfig : Logger updated successfully [metadata: mod=microservice_toolbox.config.loader]
2026-07-11T15:09:24.702408000Z    iMac.local   base_scripts           WARNING    pg_pool.py           get_pg_pool               46     SharedPool : psycopg2-binary is not installed in the active environment. [metadata: mod=lib.pg_pool]
2026-07-11T15:09:36.569540000Z    iMac.local   base_scripts           INFO       brain_health_audit.p report                    132    ============================================================ [metadata: mod=__main__]
2026-07-11T15:09:36.570533000Z    iMac.local   base_scripts           INFO       brain_health_audit.p report                    133    🧠 BASTIEN BRAIN SENTINEL: HEALTH REPORT [metadata: mod=__main__]
2026-07-11T15:09:36.571358000Z    iMac.local   base_scripts           INFO       brain_health_audit.p report                    134    ============================================================ [metadata: mod=__main__]
2026-07-11T15:09:36.572098000Z    iMac.local   base_scripts           INFO       brain_health_audit.p report                    136    📊 STATISTICS: [metadata: mod=__main__]
2026-07-11T15:09:36.572582000Z    iMac.local   base_scripts           INFO       brain_health_audit.p report                    137      - Total Markdown Files: 998 [metadata: mod=__main__]
2026-07-11T15:09:36.572886000Z    iMac.local   base_scripts           INFO       brain_health_audit.p report                    138      - Total Errors: 0 [metadata: mod=__main__]
2026-07-11T15:09:36.573447000Z    iMac.local   base_scripts           INFO       brain_health_audit.p report                    139      - Total Warnings: 0 [metadata: mod=__main__]
2026-07-11T15:09:36.573880000Z    iMac.local   base_scripts           INFO       brain_health_audit.p report                    155    ============================================================ [metadata: mod=__main__]
2026-07-11T15:09:36.574244000Z    iMac.local   base_scripts           INFO       brain_health_audit.p report                    156    📈 SYNTHESIS VERDICT: [metadata: mod=__main__]
2026-07-11T15:09:36.574562000Z    iMac.local   base_scripts           INFO       brain_health_audit.p report                    159      - Accuracy:     High (0 Errors) [metadata: mod=__main__]
2026-07-11T15:09:36.574782000Z    iMac.local   base_scripts           INFO       brain_health_audit.p report                    160    ✨ OVERALL RESULT: BRAIN IS IN PERFECT COHERENCE [metadata: mod=__main__]
2026-07-11T15:09:36.575099000Z    iMac.local   base_scripts           INFO       brain_health_audit.p report                    164    ============================================================ [metadata: mod=__main__]
2026-07-11T15:14:08.261943000Z    iMac.local   base_scripts           INFO       loader.py            set_logger                483    AppConfig : Logger updated successfully [metadata: mod=microservice_toolbox.config.loader]
2026-07-11T15:14:08.263326000Z    iMac.local   base_scripts           WARNING    pg_pool.py           get_pg_pool               46     SharedPool : psycopg2-binary is not installed in the active environment. [metadata: mod=lib.pg_pool]
2026-07-11T15:14:14.961671000Z    iMac.local   base_scripts           INFO       brain_health_audit.p report                    132    ============================================================ [metadata: mod=__main__]
2026-07-11T15:14:14.962092000Z    iMac.local   base_scripts           INFO       brain_health_audit.p report                    133    🧠 BASTIEN BRAIN SENTINEL: HEALTH REPORT [metadata: mod=__main__]
2026-07-11T15:14:14.962273000Z    iMac.local   base_scripts           INFO       brain_health_audit.p report                    134    ============================================================ [metadata: mod=__main__]
2026-07-11T15:14:14.962397000Z    iMac.local   base_scripts           INFO       brain_health_audit.p report                    136    📊 STATISTICS: [metadata: mod=__main__]
2026-07-11T15:14:14.962452000Z    iMac.local   base_scripts           INFO       brain_health_audit.p report                    137      - Total Markdown Files: 998 [metadata: mod=__main__]
2026-07-11T15:14:14.962490000Z    iMac.local   base_scripts           INFO       brain_health_audit.p report                    138      - Total Errors: 0 [metadata: mod=__main__]
2026-07-11T15:14:14.962526000Z    iMac.local   base_scripts           INFO       brain_health_audit.p report                    139      - Total Warnings: 0 [metadata: mod=__main__]
2026-07-11T15:14:14.963028000Z    iMac.local   base_scripts           INFO       brain_health_audit.p report                    155    ============================================================ [metadata: mod=__main__]
2026-07-11T15:14:14.963108000Z    iMac.local   base_scripts           INFO       brain_health_audit.p report                    156    📈 SYNTHESIS VERDICT: [metadata: mod=__main__]
2026-07-11T15:14:14.963161000Z    iMac.local   base_scripts           INFO       brain_health_audit.p report                    159      - Accuracy:     High (0 Errors) [metadata: mod=__main__]
2026-07-11T15:14:14.963201000Z    iMac.local   base_scripts           INFO       brain_health_audit.p report                    160    ✨ OVERALL RESULT: BRAIN IS IN PERFECT COHERENCE [metadata: mod=__main__]
2026-07-11T15:14:14.963626000Z    iMac.local   base_scripts           INFO       brain_health_audit.p report                    164    ============================================================ [metadata: mod=__main__]
2026-07-11T15:15:53.887093000Z    iMac.local   base_scripts           INFO       loader.py            set_logger                483    AppConfig : Logger updated successfully [metadata: mod=microservice_toolbox.config.loader]
2026-07-11T15:15:53.929869000Z    iMac.local   base_scripts           INFO       pg_pool.py           get_pg_pool               68     SharedPool : Connecting to 127.0.0.1:5432 (database=obsidiandb) [metadata: mod=lib.pg_pool]
2026-07-11T15:15:54.360034000Z    iMac.local   base_scripts           INFO       memory.py            _init_db                  99     PostgresMemoryStore : Initialised database schema '08-Base-Scripts' [metadata: mod=lib.memory]
2026-07-11T15:16:03.683514000Z    iMac.local   base_scripts           INFO       brain_health_audit.p report                    132    ============================================================ [metadata: mod=__main__]
2026-07-11T15:16:03.684254000Z    iMac.local   base_scripts           INFO       brain_health_audit.p report                    133    🧠 BASTIEN BRAIN SENTINEL: HEALTH REPORT [metadata: mod=__main__]
2026-07-11T15:16:03.684636000Z    iMac.local   base_scripts           INFO       brain_health_audit.p report                    134    ============================================================ [metadata: mod=__main__]
2026-07-11T15:16:03.685894000Z    iMac.local   base_scripts           INFO       brain_health_audit.p report                    136    📊 STATISTICS: [metadata: mod=__main__]
2026-07-11T15:16:03.686121000Z    iMac.local   base_scripts           INFO       brain_health_audit.p report                    137      - Total Markdown Files: 998 [metadata: mod=__main__]
2026-07-11T15:16:03.686425000Z    iMac.local   base_scripts           INFO       brain_health_audit.p report                    138      - Total Errors: 0 [metadata: mod=__main__]
2026-07-11T15:16:03.686620000Z    iMac.local   base_scripts           INFO       brain_health_audit.p report                    139      - Total Warnings: 0 [metadata: mod=__main__]
2026-07-11T15:16:03.686949000Z    iMac.local   base_scripts           INFO       brain_health_audit.p report                    155    ============================================================ [metadata: mod=__main__]
2026-07-11T15:16:03.687127000Z    iMac.local   base_scripts           INFO       brain_health_audit.p report                    156    📈 SYNTHESIS VERDICT: [metadata: mod=__main__]
2026-07-11T15:16:03.687235000Z    iMac.local   base_scripts           INFO       brain_health_audit.p report                    159      - Accuracy:     High (0 Errors) [metadata: mod=__main__]
2026-07-11T15:16:03.687354000Z    iMac.local   base_scripts           INFO       brain_health_audit.p report                    160    ✨ OVERALL RESULT: BRAIN IS IN PERFECT COHERENCE [metadata: mod=__main__]
2026-07-11T15:16:03.688848000Z    iMac.local   base_scripts           INFO       brain_health_audit.p report                    164    ============================================================ [metadata: mod=__main__]
2026-07-12T17:12:41.365727000Z    iMac.local   base_scripts           INFO       loader.py            set_logger                483    AppConfig : Logger updated successfully [metadata: mod=microservice_toolbox.config.loader]
2026-07-12T17:12:41.660491000Z    iMac.local   base_scripts           INFO       pg_pool.py           get_pg_pool               68     SharedPool : Connecting to 127.0.0.1:5432 (database=obsidiandb) [metadata: mod=lib.pg_pool]
2026-07-12T17:12:41.777876000Z    iMac.local   base_scripts           INFO       memory.py            _init_db                  109    PostgresMemoryStore : Initialised database schema '08-Base-Scripts' [metadata: mod=lib.memory]
2026-07-12T22:12:59.865644000Z    iMac.local   base_scripts           INFO       loader.py            set_logger                483    AppConfig : Logger updated successfully [metadata: mod=microservice_toolbox.config.loader]
2026-07-12T22:12:59.896562000Z    iMac.local   base_scripts           INFO       pg_pool.py           get_pg_pool               68     SharedPool : Connecting to 127.0.0.1:5432 (database=obsidiandb) [metadata: mod=lib.pg_pool]
2026-07-12T22:12:59.992986000Z    iMac.local   base_scripts           INFO       memory.py            _init_db                  109    PostgresMemoryStore : Initialised database schema '08-Base-Scripts' [metadata: mod=lib.memory]
2026-07-12T22:13:10.973233000Z    iMac.local   base_scripts           INFO       brain_health_audit.p report                    132    ============================================================ [metadata: mod=__main__]
2026-07-12T22:13:10.976449000Z    iMac.local   base_scripts           INFO       brain_health_audit.p report                    133    🧠 BASTIEN BRAIN SENTINEL: HEALTH REPORT [metadata: mod=__main__]
2026-07-12T22:13:10.976910000Z    iMac.local   base_scripts           INFO       brain_health_audit.p report                    134    ============================================================ [metadata: mod=__main__]
2026-07-12T22:13:10.977343000Z    iMac.local   base_scripts           INFO       brain_health_audit.p report                    136    📊 STATISTICS: [metadata: mod=__main__]
2026-07-12T22:13:10.977962000Z    iMac.local   base_scripts           INFO       brain_health_audit.p report                    137      - Total Markdown Files: 1042 [metadata: mod=__main__]
2026-07-12T22:13:10.978447000Z    iMac.local   base_scripts           INFO       brain_health_audit.p report                    138      - Total Errors: 0 [metadata: mod=__main__]
2026-07-12T22:13:10.978858000Z    iMac.local   base_scripts           INFO       brain_health_audit.p report                    139      - Total Warnings: 0 [metadata: mod=__main__]
2026-07-12T22:13:10.979110000Z    iMac.local   base_scripts           INFO       brain_health_audit.p report                    155    ============================================================ [metadata: mod=__main__]
2026-07-12T22:13:10.979323000Z    iMac.local   base_scripts           INFO       brain_health_audit.p report                    156    📈 SYNTHESIS VERDICT: [metadata: mod=__main__]
2026-07-12T22:13:10.979543000Z    iMac.local   base_scripts           INFO       brain_health_audit.p report                    159      - Accuracy:     High (0 Errors) [metadata: mod=__main__]
2026-07-12T22:13:10.979751000Z    iMac.local   base_scripts           INFO       brain_health_audit.p report                    160    ✨ OVERALL RESULT: BRAIN IS IN PERFECT COHERENCE [metadata: mod=__main__]
2026-07-12T22:13:10.979991000Z    iMac.local   base_scripts           INFO       brain_health_audit.p report                    164    ============================================================ [metadata: mod=__main__]
