2026-07-10T15:22:16.236897000Z    iMac.local   base_scripts_controlle INFO       loader.py            set_logger                483    AppConfig : Logger updated successfully [metadata: mod=microservice_toolbox.config.loader]
2026-07-10T15:22:16.238497000Z    iMac.local   base_scripts_controlle WARNING    pg_pool.py           get_pg_pool               46     SharedPool : psycopg2-binary is not installed in the active environment. [metadata: mod=lib.pg_pool]
2026-07-10T15:22:33.855100000Z    iMac.local   base_scripts_controlle INFO       loader.py            set_logger                483    AppConfig : Logger updated successfully [metadata: mod=microservice_toolbox.config.loader]
2026-07-10T15:22:33.856548000Z    iMac.local   base_scripts_controlle WARNING    pg_pool.py           get_pg_pool               46     SharedPool : psycopg2-binary is not installed in the active environment. [metadata: mod=lib.pg_pool]
2026-07-10T15:22:33.863484000Z    iMac.local   base_scripts_controlle WARNING    pg_pool.py           get_pg_pool               46     SharedPool : psycopg2-binary is not installed in the active environment. [metadata: mod=lib.pg_pool]
2026-07-10T15:22:33.863631000Z    iMac.local   base_scripts_controlle INFO       controller.py        process_message           87     CommandController : Incoming message on channel 'CLI_MOCK' (session: test_session) [metadata: mod=src.core.controller]
2026-07-10T15:22:33.863768000Z    iMac.local   base_scripts_controlle INFO       memory.py            retrieve                  198    RAGMemoryStore : Querying long-term semantic context for '--mock hello controller' [metadata: mod=lib.memory]
2026-07-10T15:22:33.864012000Z    iMac.local   base_scripts_controlle WARNING    memory.py            retrieve                  225    RAGMemoryStore : RAG Facade fallback unavailable: No module named 'src.facade' [metadata: mod=lib.memory]
2026-08-05T12:56:30.756261000Z    iMac.local   base_scripts_controlle INFO       loader.py            set_logger                483    AppConfig : Logger updated successfully [metadata: mod=microservice_toolbox.config.loader]
2026-08-05T12:56:30.808238000Z    iMac.local   base_scripts_controlle INFO       pg_pool.py           get_pg_pool               68     SharedPool : Connecting to 127.0.0.1:5432 (database=obsidiandb) [metadata: mod=lib.pg_pool]
2026-08-05T12:56:31.102003000Z    iMac.local   base_scripts_controlle INFO       memory.py            _init_db                  109    PostgresMemoryStore : Initialised database schema '08-Base-Scripts' [metadata: mod=lib.memory]
2026-08-05T12:56:31.104921000Z    iMac.local   base_scripts_controlle INFO       memory.py            _init_db                  109    PostgresMemoryStore : Initialised database schema '08-Base-Scripts' [metadata: mod=lib.memory]
2026-08-05T12:56:31.105694000Z    iMac.local   base_scripts_controlle INFO       controller.py        process_message           91     CommandController : Incoming message on channel 'CLI_MOCK' (session: test_session) [metadata: mod=src.core.controller]
2026-08-05T12:56:31.112590000Z    iMac.local   base_scripts_controlle INFO       memory.py            add                       130    PostgresMemoryStore : Added message turn for session 'test_session' [metadata: mod=lib.memory]
2026-08-05T12:56:31.118570000Z    iMac.local   base_scripts_controlle INFO       memory.py            retrieve                  208    RAGMemoryStore : Querying long-term semantic context for 'hello squad test' [metadata: mod=lib.memory]
2026-08-05T12:56:31.119047000Z    iMac.local   base_scripts_controlle WARNING    memory.py            retrieve                  235    RAGMemoryStore : RAG Facade fallback unavailable: No module named 'src.facade' [metadata: mod=lib.memory]
2026-08-05T12:56:31.120146000Z    iMac.local   base_scripts_controlle INFO       memory.py            add                       130    PostgresMemoryStore : Added message turn for session 'test_session' [metadata: mod=lib.memory]
2026-08-05T13:02:56.182312000Z    iMac.local   base_scripts_controlle INFO       loader.py            set_logger                483    AppConfig : Logger updated successfully [metadata: mod=microservice_toolbox.config.loader]
2026-08-05T13:02:56.211068000Z    iMac.local   base_scripts_controlle INFO       pg_pool.py           get_pg_pool               68     SharedPool : Connecting to 127.0.0.1:5432 (database=obsidiandb) [metadata: mod=lib.pg_pool]
2026-08-05T13:02:56.385380000Z    iMac.local   base_scripts_controlle INFO       memory.py            _init_db                  109    PostgresMemoryStore : Initialised database schema '08-Base-Scripts' [metadata: mod=lib.memory]
2026-08-05T13:02:56.387700000Z    iMac.local   base_scripts_controlle INFO       memory.py            _init_db                  109    PostgresMemoryStore : Initialised database schema '08-Base-Scripts' [metadata: mod=lib.memory]
2026-08-05T13:02:56.388075000Z    iMac.local   base_scripts_controlle INFO       controller.py        process_message           91     CommandController : Incoming message on channel 'CLI_MOCK' (session: test_session) [metadata: mod=src.core.controller]
2026-08-05T13:02:56.390855000Z    iMac.local   base_scripts_controlle INFO       memory.py            add                       130    PostgresMemoryStore : Added message turn for session 'test_session' [metadata: mod=lib.memory]
2026-08-05T13:02:56.392868000Z    iMac.local   base_scripts_controlle INFO       memory.py            retrieve                  208    RAGMemoryStore : Querying long-term semantic context for 'Hello @orchestrator report status' [metadata: mod=lib.memory]
2026-08-05T13:02:56.393098000Z    iMac.local   base_scripts_controlle WARNING    memory.py            retrieve                  235    RAGMemoryStore : RAG Facade fallback unavailable: No module named 'src.facade' [metadata: mod=lib.memory]
2026-08-05T13:02:56.396976000Z    iMac.local   base_scripts_controlle INFO       memory.py            add                       130    PostgresMemoryStore : Added message turn for session 'test_session' [metadata: mod=lib.memory]
