2026-07-12T16:59:17.910943000Z    iMac.local   base_scripts_maintenan INFO       loader.py            set_logger                483    AppConfig : Logger updated successfully [metadata: mod=microservice_toolbox.config.loader]
2026-07-12T16:59:17.972772000Z    iMac.local   base_scripts_maintenan INFO       pg_pool.py           get_pg_pool               68     SharedPool : Connecting to 127.0.0.1:5432 (database=obsidiandb) [metadata: mod=lib.pg_pool]
2026-07-12T16:59:18.185463000Z    iMac.local   base_scripts_maintenan INFO       memory.py            _init_db                  109    PostgresMemoryStore : Initialised database schema '08-Base-Scripts' [metadata: mod=lib.memory]
2026-07-12T16:59:18.196866000Z    iMac.local   base_scripts_maintenan INFO       maintenance_skill.py main                      67     Starting Maintenance Skill (Purger Mode)... [metadata: mod=src.maintenance.maintenance_skill]
2026-07-12T16:59:18.198198000Z    iMac.local   base_scripts_maintenan INFO       maintenance_skill.py purge_stale_state         47     Checking for stale state files (older than 30 days)... [metadata: mod=src.maintenance.maintenance_skill]
2026-07-12T16:59:18.205306000Z    iMac.local   base_scripts_maintenan INFO       maintenance_skill.py purge_stale_state         56     Deleted stale state: /Users/imac/Desktop/Bastien-Antigravity/fundamental-analysis/AI-Session-State.md [metadata: mod=src.maintenance.maintenance_skill]
2026-07-12T16:59:18.209812000Z    iMac.local   base_scripts_maintenan INFO       maintenance_skill.py purge_stale_state         56     Deleted stale state: /Users/imac/Desktop/Bastien-Antigravity/log-server/AI-Session-State.md [metadata: mod=src.maintenance.maintenance_skill]
2026-07-12T16:59:18.210225000Z    iMac.local   base_scripts_maintenan INFO       maintenance_skill.py purge_stale_state         56     Deleted stale state: /Users/imac/Desktop/Bastien-Antigravity/technical-analysis/AI-Session-State.md [metadata: mod=src.maintenance.maintenance_skill]
2026-07-12T16:59:18.218262000Z    iMac.local   base_scripts_maintenan INFO       maintenance_skill.py purge_stale_state         56     Deleted stale state: /Users/imac/Desktop/Bastien-Antigravity/safe-socket/AI-Session-State.md [metadata: mod=src.maintenance.maintenance_skill]
2026-07-12T16:59:18.219079000Z    iMac.local   base_scripts_maintenan INFO       maintenance_skill.py purge_stale_state         56     Deleted stale state: /Users/imac/Desktop/Bastien-Antigravity/orderbook-aggregator/AI-Session-State.md [metadata: mod=src.maintenance.maintenance_skill]
2026-07-12T16:59:18.221123000Z    iMac.local   base_scripts_maintenan INFO       maintenance_skill.py purge_stale_state         56     Deleted stale state: /Users/imac/Desktop/Bastien-Antigravity/microservice-toolbox/AI-Session-State.md [metadata: mod=src.maintenance.maintenance_skill]
2026-07-12T16:59:18.221875000Z    iMac.local   base_scripts_maintenan INFO       maintenance_skill.py purge_stale_state         56     Deleted stale state: /Users/imac/Desktop/Bastien-Antigravity/mt5-gateway/AI-Session-State.md [metadata: mod=src.maintenance.maintenance_skill]
2026-07-12T16:59:18.222321000Z    iMac.local   base_scripts_maintenan INFO       maintenance_skill.py purge_stale_state         56     Deleted stale state: /Users/imac/Desktop/Bastien-Antigravity/web-interface/AI-Session-State.md [metadata: mod=src.maintenance.maintenance_skill]
2026-07-12T16:59:18.222731000Z    iMac.local   base_scripts_maintenan INFO       maintenance_skill.py purge_stale_state         56     Deleted stale state: /Users/imac/Desktop/Bastien-Antigravity/notif-server/AI-Session-State.md [metadata: mod=src.maintenance.maintenance_skill]
2026-07-12T16:59:18.224089000Z    iMac.local   base_scripts_maintenan INFO       maintenance_skill.py purge_stale_state         56     Deleted stale state: /Users/imac/Desktop/Bastien-Antigravity/sandbox-testing/AI-Session-State.md [metadata: mod=src.maintenance.maintenance_skill]
2026-07-12T16:59:18.227340000Z    iMac.local   base_scripts_maintenan INFO       maintenance_skill.py purge_stale_state         56     Deleted stale state: /Users/imac/Desktop/Bastien-Antigravity/docker-deployment/AI-Session-State.md [metadata: mod=src.maintenance.maintenance_skill]
2026-07-12T16:59:18.231430000Z    iMac.local   base_scripts_maintenan INFO       maintenance_skill.py purge_stale_state         56     Deleted stale state: /Users/imac/Desktop/Bastien-Antigravity/distributed-config/AI-Session-State.md [metadata: mod=src.maintenance.maintenance_skill]
2026-07-12T16:59:18.234467000Z    iMac.local   base_scripts_maintenan INFO       maintenance_skill.py purge_stale_state         56     Deleted stale state: /Users/imac/Desktop/Bastien-Antigravity/tele-remote/AI-Session-State.md [metadata: mod=src.maintenance.maintenance_skill]
2026-07-12T16:59:18.249384000Z    iMac.local   base_scripts_maintenan INFO       maintenance_skill.py purge_stale_state         56     Deleted stale state: /Users/imac/Desktop/Bastien-Antigravity/data-ingestor/AI-Session-State.md [metadata: mod=src.maintenance.maintenance_skill]
2026-07-12T16:59:18.250483000Z    iMac.local   base_scripts_maintenan INFO       maintenance_skill.py purge_stale_state         56     Deleted stale state: /Users/imac/Desktop/Bastien-Antigravity/config-server/AI-Session-State.md [metadata: mod=src.maintenance.maintenance_skill]
2026-07-12T16:59:18.257457000Z    iMac.local   base_scripts_maintenan INFO       maintenance_skill.py purge_stale_state         56     Deleted stale state: /Users/imac/Desktop/Bastien-Antigravity/universal-logger/AI-Session-State.md [metadata: mod=src.maintenance.maintenance_skill]
2026-07-12T16:59:18.260392000Z    iMac.local   base_scripts_maintenan INFO       maintenance_skill.py purge_stale_state         56     Deleted stale state: /Users/imac/Desktop/Bastien-Antigravity/flexible-logger/AI-Session-State.md [metadata: mod=src.maintenance.maintenance_skill]
2026-07-12T16:59:18.264637000Z    iMac.local   base_scripts_maintenan INFO       maintenance_skill.py purge_stale_state         56     Deleted stale state: /Users/imac/Desktop/Bastien-Antigravity/enhanced-backtesting/AI-Session-State.md [metadata: mod=src.maintenance.maintenance_skill]
2026-07-12T16:59:18.266757000Z    iMac.local   base_scripts_maintenan INFO       maintenance_skill.py purge_stale_state         56     Deleted stale state: /Users/imac/Desktop/Bastien-Antigravity/ontime-scheduler/AI-Session-State.md [metadata: mod=src.maintenance.maintenance_skill]
2026-07-12T16:59:25.436966000Z    iMac.local   base_scripts_maintenan INFO       maintenance_skill.py main                      69     Maintenance complete. [metadata: mod=src.maintenance.maintenance_skill]
