2026-07-08T13:46:33.438231000Z    iMac.local   BrainSentinel          INFO       Brain-Health-Audit.p report                    118    ============================================================ [metadata: mod=__main__]
2026-07-08T13:46:33.442550000Z    iMac.local   BrainSentinel          INFO       Brain-Health-Audit.p report                    119    🧠 BASTIEN BRAIN SENTINEL: HEALTH REPORT [metadata: mod=__main__]
2026-07-08T13:46:33.444001000Z    iMac.local   BrainSentinel          INFO       Brain-Health-Audit.p report                    120    ============================================================ [metadata: mod=__main__]
2026-07-08T13:46:33.444518000Z    iMac.local   BrainSentinel          INFO       Brain-Health-Audit.p report                    122    📊 STATISTICS: [metadata: mod=__main__]
2026-07-08T13:46:33.445080000Z    iMac.local   BrainSentinel          INFO       Brain-Health-Audit.p report                    123      - Total Markdown Files: 905 [metadata: mod=__main__]
2026-07-08T13:46:33.445600000Z    iMac.local   BrainSentinel          INFO       Brain-Health-Audit.p report                    124      - Total Errors: 1 [metadata: mod=__main__]
2026-07-08T13:46:33.446335000Z    iMac.local   BrainSentinel          INFO       Brain-Health-Audit.p report                    125      - Total Warnings: 0 [metadata: mod=__main__]
2026-07-08T13:46:33.446914000Z    iMac.local   BrainSentinel          WARNING    Brain-Health-Audit.p report                    128    🚨 CRITICAL VIOLATIONS (1): [metadata: mod=__main__]
2026-07-08T13:46:33.447328000Z    iMac.local   BrainSentinel          WARNING    Brain-Health-Audit.p report                    130      [!] [RAG-Engine-Hub.md] Broken link: [[07-Core-KMS/Role-Prompts/09-Sentinel]] [metadata: mod=__main__]
2026-07-08T13:46:33.447703000Z    iMac.local   BrainSentinel          INFO       Brain-Health-Audit.p report                    141    ============================================================ [metadata: mod=__main__]
2026-07-08T13:46:33.448382000Z    iMac.local   BrainSentinel          INFO       Brain-Health-Audit.p report                    142    📈 SYNTHESIS VERDICT: [metadata: mod=__main__]
2026-07-08T13:46:33.449613000Z    iMac.local   BrainSentinel          INFO       Brain-Health-Audit.p report                    148      - Accuracy:     Low (1 Errors) [metadata: mod=__main__]
2026-07-08T13:46:33.452012000Z    iMac.local   BrainSentinel          WARNING    Brain-Health-Audit.p report                    149    ⚠️ OVERALL RESULT: DRIFT DETECTED. PLEASE RESOLVE THE ABOVE ISSUES. [metadata: mod=__main__]
2026-07-08T13:46:33.452450000Z    iMac.local   BrainSentinel          INFO       Brain-Health-Audit.p report                    150    ============================================================ [metadata: mod=__main__]
2026-07-08T13:47:28.850341000Z    iMac.local   BrainSentinel          INFO       Brain-Health-Audit.p report                    118    ============================================================ [metadata: mod=__main__]
2026-07-08T13:47:28.850893000Z    iMac.local   BrainSentinel          INFO       Brain-Health-Audit.p report                    119    🧠 BASTIEN BRAIN SENTINEL: HEALTH REPORT [metadata: mod=__main__]
2026-07-08T13:47:28.851310000Z    iMac.local   BrainSentinel          INFO       Brain-Health-Audit.p report                    120    ============================================================ [metadata: mod=__main__]
2026-07-08T13:47:28.851702000Z    iMac.local   BrainSentinel          INFO       Brain-Health-Audit.p report                    122    📊 STATISTICS: [metadata: mod=__main__]
2026-07-08T13:47:28.852087000Z    iMac.local   BrainSentinel          INFO       Brain-Health-Audit.p report                    123      - Total Markdown Files: 905 [metadata: mod=__main__]
2026-07-08T13:47:28.852482000Z    iMac.local   BrainSentinel          INFO       Brain-Health-Audit.p report                    124      - Total Errors: 1 [metadata: mod=__main__]
2026-07-08T13:47:28.852799000Z    iMac.local   BrainSentinel          INFO       Brain-Health-Audit.p report                    125      - Total Warnings: 0 [metadata: mod=__main__]
2026-07-08T13:47:28.853103000Z    iMac.local   BrainSentinel          WARNING    Brain-Health-Audit.p report                    128    🚨 CRITICAL VIOLATIONS (1): [metadata: mod=__main__]
2026-07-08T13:47:28.853482000Z    iMac.local   BrainSentinel          WARNING    Brain-Health-Audit.p report                    130      [!] [RAG-Engine-Hub.md] Broken link: [[07-Core-KMS/Role-Prompts/09-Sentinel]] [metadata: mod=__main__]
2026-07-08T13:47:28.853751000Z    iMac.local   BrainSentinel          INFO       Brain-Health-Audit.p report                    141    ============================================================ [metadata: mod=__main__]
2026-07-08T13:47:28.854004000Z    iMac.local   BrainSentinel          INFO       Brain-Health-Audit.p report                    142    📈 SYNTHESIS VERDICT: [metadata: mod=__main__]
2026-07-08T13:47:28.854299000Z    iMac.local   BrainSentinel          INFO       Brain-Health-Audit.p report                    148      - Accuracy:     Low (1 Errors) [metadata: mod=__main__]
2026-07-08T13:47:28.854523000Z    iMac.local   BrainSentinel          WARNING    Brain-Health-Audit.p report                    149    ⚠️ OVERALL RESULT: DRIFT DETECTED. PLEASE RESOLVE THE ABOVE ISSUES. [metadata: mod=__main__]
2026-07-08T13:47:28.854938000Z    iMac.local   BrainSentinel          INFO       Brain-Health-Audit.p report                    150    ============================================================ [metadata: mod=__main__]
2026-07-08T13:52:24.491554000Z    iMac.local   BrainSentinel          INFO       Brain-Health-Audit.p report                    118    ============================================================ [metadata: mod=__main__]
2026-07-08T13:52:24.493707000Z    iMac.local   BrainSentinel          INFO       Brain-Health-Audit.p report                    119    🧠 BASTIEN BRAIN SENTINEL: HEALTH REPORT [metadata: mod=__main__]
2026-07-08T13:52:24.493799000Z    iMac.local   BrainSentinel          INFO       Brain-Health-Audit.p report                    120    ============================================================ [metadata: mod=__main__]
2026-07-08T13:52:24.493848000Z    iMac.local   BrainSentinel          INFO       Brain-Health-Audit.p report                    122    📊 STATISTICS: [metadata: mod=__main__]
2026-07-08T13:52:24.494387000Z    iMac.local   BrainSentinel          INFO       Brain-Health-Audit.p report                    123      - Total Markdown Files: 905 [metadata: mod=__main__]
2026-07-08T13:52:24.494483000Z    iMac.local   BrainSentinel          INFO       Brain-Health-Audit.p report                    124      - Total Errors: 1 [metadata: mod=__main__]
2026-07-08T13:52:24.494532000Z    iMac.local   BrainSentinel          INFO       Brain-Health-Audit.p report                    125      - Total Warnings: 0 [metadata: mod=__main__]
2026-07-08T13:52:24.494577000Z    iMac.local   BrainSentinel          WARNING    Brain-Health-Audit.p report                    128    🚨 CRITICAL VIOLATIONS (1): [metadata: mod=__main__]
2026-07-08T13:52:24.494622000Z    iMac.local   BrainSentinel          WARNING    Brain-Health-Audit.p report                    130      [!] [RAG-Engine-Hub.md] Broken link: [[07-Core-KMS/Role-Prompts/09-Sentinel]] [metadata: mod=__main__]
2026-07-08T13:52:24.494727000Z    iMac.local   BrainSentinel          INFO       Brain-Health-Audit.p report                    141    ============================================================ [metadata: mod=__main__]
2026-07-08T13:52:24.494786000Z    iMac.local   BrainSentinel          INFO       Brain-Health-Audit.p report                    142    📈 SYNTHESIS VERDICT: [metadata: mod=__main__]
2026-07-08T13:52:24.494833000Z    iMac.local   BrainSentinel          INFO       Brain-Health-Audit.p report                    148      - Accuracy:     Low (1 Errors) [metadata: mod=__main__]
2026-07-08T13:52:24.494875000Z    iMac.local   BrainSentinel          WARNING    Brain-Health-Audit.p report                    149    ⚠️ OVERALL RESULT: DRIFT DETECTED. PLEASE RESOLVE THE ABOVE ISSUES. [metadata: mod=__main__]
2026-07-08T13:52:24.495019000Z    iMac.local   BrainSentinel          INFO       Brain-Health-Audit.p report                    150    ============================================================ [metadata: mod=__main__]
2026-07-08T15:11:30.768514000Z    iMac.local   BrainSentinel          INFO       Brain-Health-Audit.p report                    118    ============================================================ [metadata: mod=__main__]
2026-07-08T15:11:30.768836000Z    iMac.local   BrainSentinel          INFO       Brain-Health-Audit.p report                    119    🧠 BASTIEN BRAIN SENTINEL: HEALTH REPORT [metadata: mod=__main__]
2026-07-08T15:11:30.768918000Z    iMac.local   BrainSentinel          INFO       Brain-Health-Audit.p report                    120    ============================================================ [metadata: mod=__main__]
2026-07-08T15:11:30.768965000Z    iMac.local   BrainSentinel          INFO       Brain-Health-Audit.p report                    122    📊 STATISTICS: [metadata: mod=__main__]
2026-07-08T15:11:30.769028000Z    iMac.local   BrainSentinel          INFO       Brain-Health-Audit.p report                    123      - Total Markdown Files: 905 [metadata: mod=__main__]
2026-07-08T15:11:30.769072000Z    iMac.local   BrainSentinel          INFO       Brain-Health-Audit.p report                    124      - Total Errors: 1 [metadata: mod=__main__]
2026-07-08T15:11:30.769139000Z    iMac.local   BrainSentinel          INFO       Brain-Health-Audit.p report                    125      - Total Warnings: 0 [metadata: mod=__main__]
2026-07-08T15:11:30.769200000Z    iMac.local   BrainSentinel          WARNING    Brain-Health-Audit.p report                    128    🚨 CRITICAL VIOLATIONS (1): [metadata: mod=__main__]
2026-07-08T15:11:30.769243000Z    iMac.local   BrainSentinel          WARNING    Brain-Health-Audit.p report                    130      [!] [RAG-Engine-Hub.md] Broken link: [[07-Core-KMS/Role-Prompts/09-Sentinel]] [metadata: mod=__main__]
2026-07-08T15:11:30.769296000Z    iMac.local   BrainSentinel          INFO       Brain-Health-Audit.p report                    141    ============================================================ [metadata: mod=__main__]
2026-07-08T15:11:30.769333000Z    iMac.local   BrainSentinel          INFO       Brain-Health-Audit.p report                    142    📈 SYNTHESIS VERDICT: [metadata: mod=__main__]
2026-07-08T15:11:30.769434000Z    iMac.local   BrainSentinel          INFO       Brain-Health-Audit.p report                    148      - Accuracy:     Low (1 Errors) [metadata: mod=__main__]
2026-07-08T15:11:30.769482000Z    iMac.local   BrainSentinel          WARNING    Brain-Health-Audit.p report                    149    ⚠️ OVERALL RESULT: DRIFT DETECTED. PLEASE RESOLVE THE ABOVE ISSUES. [metadata: mod=__main__]
2026-07-08T15:11:30.770084000Z    iMac.local   BrainSentinel          INFO       Brain-Health-Audit.p report                    150    ============================================================ [metadata: mod=__main__]
2026-07-08T17:13:14.334673000Z    iMac.local   BrainSentinel          INFO       Brain-Health-Audit.p report                    118    ============================================================ [metadata: mod=__main__]
2026-07-08T17:13:14.335763000Z    iMac.local   BrainSentinel          INFO       Brain-Health-Audit.p report                    119    🧠 BASTIEN BRAIN SENTINEL: HEALTH REPORT [metadata: mod=__main__]
2026-07-08T17:13:14.336254000Z    iMac.local   BrainSentinel          INFO       Brain-Health-Audit.p report                    120    ============================================================ [metadata: mod=__main__]
2026-07-08T17:13:14.336677000Z    iMac.local   BrainSentinel          INFO       Brain-Health-Audit.p report                    122    📊 STATISTICS: [metadata: mod=__main__]
2026-07-08T17:13:14.336927000Z    iMac.local   BrainSentinel          INFO       Brain-Health-Audit.p report                    123      - Total Markdown Files: 905 [metadata: mod=__main__]
2026-07-08T17:13:14.337326000Z    iMac.local   BrainSentinel          INFO       Brain-Health-Audit.p report                    124      - Total Errors: 1 [metadata: mod=__main__]
2026-07-08T17:13:14.337935000Z    iMac.local   BrainSentinel          INFO       Brain-Health-Audit.p report                    125      - Total Warnings: 0 [metadata: mod=__main__]
2026-07-08T17:13:14.338238000Z    iMac.local   BrainSentinel          WARNING    Brain-Health-Audit.p report                    128    🚨 CRITICAL VIOLATIONS (1): [metadata: mod=__main__]
2026-07-08T17:13:14.338460000Z    iMac.local   BrainSentinel          WARNING    Brain-Health-Audit.p report                    130      [!] [RAG-Engine-Hub.md] Broken link: [[07-Core-KMS/Role-Prompts/09-Sentinel]] [metadata: mod=__main__]
2026-07-08T17:13:14.338802000Z    iMac.local   BrainSentinel          INFO       Brain-Health-Audit.p report                    141    ============================================================ [metadata: mod=__main__]
2026-07-08T17:13:14.339021000Z    iMac.local   BrainSentinel          INFO       Brain-Health-Audit.p report                    142    📈 SYNTHESIS VERDICT: [metadata: mod=__main__]
2026-07-08T17:13:14.339216000Z    iMac.local   BrainSentinel          INFO       Brain-Health-Audit.p report                    148      - Accuracy:     Low (1 Errors) [metadata: mod=__main__]
2026-07-08T17:13:14.340145000Z    iMac.local   BrainSentinel          WARNING    Brain-Health-Audit.p report                    149    ⚠️ OVERALL RESULT: DRIFT DETECTED. PLEASE RESOLVE THE ABOVE ISSUES. [metadata: mod=__main__]
2026-07-08T17:13:14.340366000Z    iMac.local   BrainSentinel          INFO       Brain-Health-Audit.p report                    150    ============================================================ [metadata: mod=__main__]
2026-07-08T17:20:22.474041000Z    iMac.local   BrainSentinel          INFO       Brain-Health-Audit.p report                    118    ============================================================ [metadata: mod=__main__]
2026-07-08T17:20:22.475251000Z    iMac.local   BrainSentinel          INFO       Brain-Health-Audit.p report                    119    🧠 BASTIEN BRAIN SENTINEL: HEALTH REPORT [metadata: mod=__main__]
2026-07-08T17:20:22.475740000Z    iMac.local   BrainSentinel          INFO       Brain-Health-Audit.p report                    120    ============================================================ [metadata: mod=__main__]
2026-07-08T17:20:22.476614000Z    iMac.local   BrainSentinel          INFO       Brain-Health-Audit.p report                    122    📊 STATISTICS: [metadata: mod=__main__]
2026-07-08T17:20:22.477115000Z    iMac.local   BrainSentinel          INFO       Brain-Health-Audit.p report                    123      - Total Markdown Files: 905 [metadata: mod=__main__]
2026-07-08T17:20:22.477589000Z    iMac.local   BrainSentinel          INFO       Brain-Health-Audit.p report                    124      - Total Errors: 1 [metadata: mod=__main__]
2026-07-08T17:20:22.478069000Z    iMac.local   BrainSentinel          INFO       Brain-Health-Audit.p report                    125      - Total Warnings: 0 [metadata: mod=__main__]
2026-07-08T17:20:22.606675000Z    iMac.local   BrainSentinel          WARNING    Brain-Health-Audit.p report                    128    🚨 CRITICAL VIOLATIONS (1): [metadata: mod=__main__]
2026-07-08T17:20:22.607194000Z    iMac.local   BrainSentinel          WARNING    Brain-Health-Audit.p report                    130      [!] [RAG-Engine-Hub.md] Broken link: [[07-Core-KMS/Role-Prompts/09-Sentinel]] [metadata: mod=__main__]
2026-07-08T17:20:22.607572000Z    iMac.local   BrainSentinel          INFO       Brain-Health-Audit.p report                    141    ============================================================ [metadata: mod=__main__]
2026-07-08T17:20:22.607846000Z    iMac.local   BrainSentinel          INFO       Brain-Health-Audit.p report                    142    📈 SYNTHESIS VERDICT: [metadata: mod=__main__]
2026-07-08T17:20:22.608049000Z    iMac.local   BrainSentinel          INFO       Brain-Health-Audit.p report                    148      - Accuracy:     Low (1 Errors) [metadata: mod=__main__]
2026-07-08T17:20:22.608226000Z    iMac.local   BrainSentinel          WARNING    Brain-Health-Audit.p report                    149    ⚠️ OVERALL RESULT: DRIFT DETECTED. PLEASE RESOLVE THE ABOVE ISSUES. [metadata: mod=__main__]
2026-07-08T17:20:22.608373000Z    iMac.local   BrainSentinel          INFO       Brain-Health-Audit.p report                    150    ============================================================ [metadata: mod=__main__]
2026-07-08T17:23:33.788504000Z    iMac.local   BrainSentinel          INFO       Brain-Health-Audit.p report                    118    ============================================================ [metadata: mod=__main__]
2026-07-08T17:23:33.788999000Z    iMac.local   BrainSentinel          INFO       Brain-Health-Audit.p report                    119    🧠 BASTIEN BRAIN SENTINEL: HEALTH REPORT [metadata: mod=__main__]
2026-07-08T17:23:33.789495000Z    iMac.local   BrainSentinel          INFO       Brain-Health-Audit.p report                    120    ============================================================ [metadata: mod=__main__]
2026-07-08T17:23:33.789902000Z    iMac.local   BrainSentinel          INFO       Brain-Health-Audit.p report                    122    📊 STATISTICS: [metadata: mod=__main__]
2026-07-08T17:23:33.790246000Z    iMac.local   BrainSentinel          INFO       Brain-Health-Audit.p report                    123      - Total Markdown Files: 905 [metadata: mod=__main__]
2026-07-08T17:23:33.790673000Z    iMac.local   BrainSentinel          INFO       Brain-Health-Audit.p report                    124      - Total Errors: 1 [metadata: mod=__main__]
2026-07-08T17:23:33.791099000Z    iMac.local   BrainSentinel          INFO       Brain-Health-Audit.p report                    125      - Total Warnings: 0 [metadata: mod=__main__]
2026-07-08T17:23:33.791462000Z    iMac.local   BrainSentinel          WARNING    Brain-Health-Audit.p report                    128    🚨 CRITICAL VIOLATIONS (1): [metadata: mod=__main__]
2026-07-08T17:23:33.791806000Z    iMac.local   BrainSentinel          WARNING    Brain-Health-Audit.p report                    130      [!] [RAG-Engine-Hub.md] Broken link: [[07-Core-KMS/Role-Prompts/09-Sentinel]] [metadata: mod=__main__]
2026-07-08T17:23:33.792104000Z    iMac.local   BrainSentinel          INFO       Brain-Health-Audit.p report                    141    ============================================================ [metadata: mod=__main__]
2026-07-08T17:23:33.792288000Z    iMac.local   BrainSentinel          INFO       Brain-Health-Audit.p report                    142    📈 SYNTHESIS VERDICT: [metadata: mod=__main__]
2026-07-08T17:23:33.792592000Z    iMac.local   BrainSentinel          INFO       Brain-Health-Audit.p report                    148      - Accuracy:     Low (1 Errors) [metadata: mod=__main__]
2026-07-08T17:23:33.792851000Z    iMac.local   BrainSentinel          WARNING    Brain-Health-Audit.p report                    149    ⚠️ OVERALL RESULT: DRIFT DETECTED. PLEASE RESOLVE THE ABOVE ISSUES. [metadata: mod=__main__]
2026-07-08T17:23:33.793143000Z    iMac.local   BrainSentinel          INFO       Brain-Health-Audit.p report                    150    ============================================================ [metadata: mod=__main__]
2026-07-08T17:26:53.157421000Z    iMac.local   BrainSentinel          INFO       Brain-Health-Audit.p report                    118    ============================================================ [metadata: mod=__main__]
2026-07-08T17:26:53.158023000Z    iMac.local   BrainSentinel          INFO       Brain-Health-Audit.p report                    119    🧠 BASTIEN BRAIN SENTINEL: HEALTH REPORT [metadata: mod=__main__]
2026-07-08T17:26:53.158692000Z    iMac.local   BrainSentinel          INFO       Brain-Health-Audit.p report                    120    ============================================================ [metadata: mod=__main__]
2026-07-08T17:26:53.159115000Z    iMac.local   BrainSentinel          INFO       Brain-Health-Audit.p report                    122    📊 STATISTICS: [metadata: mod=__main__]
2026-07-08T17:26:53.159544000Z    iMac.local   BrainSentinel          INFO       Brain-Health-Audit.p report                    123      - Total Markdown Files: 905 [metadata: mod=__main__]
2026-07-08T17:26:53.159940000Z    iMac.local   BrainSentinel          INFO       Brain-Health-Audit.p report                    124      - Total Errors: 1 [metadata: mod=__main__]
2026-07-08T17:26:53.160229000Z    iMac.local   BrainSentinel          INFO       Brain-Health-Audit.p report                    125      - Total Warnings: 0 [metadata: mod=__main__]
2026-07-08T17:26:53.160479000Z    iMac.local   BrainSentinel          WARNING    Brain-Health-Audit.p report                    128    🚨 CRITICAL VIOLATIONS (1): [metadata: mod=__main__]
2026-07-08T17:26:53.160768000Z    iMac.local   BrainSentinel          WARNING    Brain-Health-Audit.p report                    130      [!] [RAG-Engine-Hub.md] Broken link: [[07-Core-KMS/Role-Prompts/09-Sentinel]] [metadata: mod=__main__]
2026-07-08T17:26:53.161138000Z    iMac.local   BrainSentinel          INFO       Brain-Health-Audit.p report                    141    ============================================================ [metadata: mod=__main__]
2026-07-08T17:26:53.161461000Z    iMac.local   BrainSentinel          INFO       Brain-Health-Audit.p report                    142    📈 SYNTHESIS VERDICT: [metadata: mod=__main__]
2026-07-08T17:26:53.161700000Z    iMac.local   BrainSentinel          INFO       Brain-Health-Audit.p report                    148      - Accuracy:     Low (1 Errors) [metadata: mod=__main__]
2026-07-08T17:26:53.161972000Z    iMac.local   BrainSentinel          WARNING    Brain-Health-Audit.p report                    149    ⚠️ OVERALL RESULT: DRIFT DETECTED. PLEASE RESOLVE THE ABOVE ISSUES. [metadata: mod=__main__]
2026-07-08T17:26:53.162325000Z    iMac.local   BrainSentinel          INFO       Brain-Health-Audit.p report                    150    ============================================================ [metadata: mod=__main__]
2026-07-08T22:21:19.699956000Z    iMac.local   BrainSentinel          INFO       Brain-Health-Audit.p report                    118    ============================================================ [metadata: mod=__main__]
2026-07-08T22:21:19.700358000Z    iMac.local   BrainSentinel          INFO       Brain-Health-Audit.p report                    119    🧠 BASTIEN BRAIN SENTINEL: HEALTH REPORT [metadata: mod=__main__]
2026-07-08T22:21:19.700662000Z    iMac.local   BrainSentinel          INFO       Brain-Health-Audit.p report                    120    ============================================================ [metadata: mod=__main__]
2026-07-08T22:21:19.700889000Z    iMac.local   BrainSentinel          INFO       Brain-Health-Audit.p report                    122    📊 STATISTICS: [metadata: mod=__main__]
2026-07-08T22:21:19.701195000Z    iMac.local   BrainSentinel          INFO       Brain-Health-Audit.p report                    123      - Total Markdown Files: 942 [metadata: mod=__main__]
2026-07-08T22:21:19.701492000Z    iMac.local   BrainSentinel          INFO       Brain-Health-Audit.p report                    124      - Total Errors: 2 [metadata: mod=__main__]
2026-07-08T22:21:19.701816000Z    iMac.local   BrainSentinel          INFO       Brain-Health-Audit.p report                    125      - Total Warnings: 0 [metadata: mod=__main__]
2026-07-08T22:21:19.702082000Z    iMac.local   BrainSentinel          WARNING    Brain-Health-Audit.p report                    128    🚨 CRITICAL VIOLATIONS (2): [metadata: mod=__main__]
2026-07-08T22:21:19.702394000Z    iMac.local   BrainSentinel          WARNING    Brain-Health-Audit.p report                    130      [!] [Agent-Dispatcher.py.md] Role definition missing mandatory [SCAN] telemetry block. [metadata: mod=__main__]
2026-07-08T22:21:19.702558000Z    iMac.local   BrainSentinel          WARNING    Brain-Health-Audit.p report                    130      [!] [RAG-Engine-Hub.md] Broken link: [[07-Core-KMS/Role-Prompts/09-Sentinel]] [metadata: mod=__main__]
2026-07-08T22:21:19.702889000Z    iMac.local   BrainSentinel          INFO       Brain-Health-Audit.p report                    141    ============================================================ [metadata: mod=__main__]
2026-07-08T22:21:19.703095000Z    iMac.local   BrainSentinel          INFO       Brain-Health-Audit.p report                    142    📈 SYNTHESIS VERDICT: [metadata: mod=__main__]
2026-07-08T22:21:19.703611000Z    iMac.local   BrainSentinel          INFO       Brain-Health-Audit.p report                    148      - Accuracy:     Low (2 Errors) [metadata: mod=__main__]
2026-07-08T22:21:19.703858000Z    iMac.local   BrainSentinel          WARNING    Brain-Health-Audit.p report                    149    ⚠️ OVERALL RESULT: DRIFT DETECTED. PLEASE RESOLVE THE ABOVE ISSUES. [metadata: mod=__main__]
2026-07-08T22:21:19.704215000Z    iMac.local   BrainSentinel          INFO       Brain-Health-Audit.p report                    150    ============================================================ [metadata: mod=__main__]
